?? Current Java version: 17
?? Gradle version 8.9 supports Java 21
> Task :buildSrc:checkKotlinGradlePluginConfigurationErrors
> Task :buildSrc:generateExternalPluginSpecBuilders UP-TO-DATE
> Task :buildSrc:extractPrecompiledScriptPluginPlugins UP-TO-DATE
> Task :buildSrc:compilePluginsBlocks UP-TO-DATE
> Task :buildSrc:generatePrecompiledScriptPluginAccessors UP-TO-DATE
> Task :buildSrc:generateScriptPluginAdapters UP-TO-DATE
> Task :buildSrc:compileKotlin UP-TO-DATE
> Task :buildSrc:compileJava NO-SOURCE
> Task :buildSrc:compileGroovy NO-SOURCE
> Task :buildSrc:pluginDescriptors UP-TO-DATE
> Task :buildSrc:processResources UP-TO-DATE
> Task :buildSrc:classes UP-TO-DATE
> Task :buildSrc:jar UP-TO-DATE

> Configure project :
Build was configured to prefer settings repositories over project repositories but repository 'maven' was added by build file 'build.gradle.kts'
Build was configured to prefer settings repositories over project repositories but repository 'maven2' was added by build file 'build.gradle.kts'
Build was configured to prefer settings repositories over project repositories but repository 'maven3' was added by build file 'build.gradle.kts'
Build was configured to prefer settings repositories over project repositories but repository 'Google' was added by build file 'build.gradle.kts'
Build was configured to prefer settings repositories over project repositories but repository 'MavenRepo' was added by build file 'build.gradle.kts'
Build was configured to prefer settings repositories over project repositories but repository 'maven' was added by build file 'build.gradle.kts'
Build was configured to prefer settings repositories over project repositories but repository 'maven2' was added by build file 'build.gradle.kts'
Build was configured to prefer settings repositories over project repositories but repository 'maven3' was added by build file 'build.gradle.kts'
Build was configured to prefer settings repositories over project repositories but repository 'Google' was added by build file 'build.gradle.kts'
Build was configured to prefer settings repositories over project repositories but repository 'MavenRepo' was added by build file 'build.gradle.kts'
Build was configured to prefer settings repositories over project repositories but repository 'maven' was added by build file 'build.gradle.kts'
Build was configured to prefer settings repositories over project repositories but repository 'maven2' was added by build file 'build.gradle.kts'
Build was configured to prefer settings repositories over project repositories but repository 'maven3' was added by build file 'build.gradle.kts'
Build was configured to prefer settings repositories over project repositories but repository 'Google' was added by build file 'build.gradle.kts'
Build was configured to prefer settings repositories over project repositories but repository 'MavenRepo' was added by build file 'build.gradle.kts'
Build was configured to prefer settings repositories over project repositories but repository 'maven' was added by build file 'build.gradle.kts'
Build was configured to prefer settings repositories over project repositories but repository 'maven2' was added by build file 'build.gradle.kts'
Build was configured to prefer settings repositories over project repositories but repository 'maven3' was added by build file 'build.gradle.kts'
Build was configured to prefer settings repositories over project repositories but repository 'Google' was added by build file 'build.gradle.kts'
Build was configured to prefer settings repositories over project repositories but repository 'MavenRepo' was added by build file 'build.gradle.kts'
Build was configured to prefer settings repositories over project repositories but repository 'maven' was added by build file 'build.gradle.kts'
Build was configured to prefer settings repositories over project repositories but repository 'maven2' was added by build file 'build.gradle.kts'
Build was configured to prefer settings repositories over project repositories but repository 'maven3' was added by build file 'build.gradle.kts'
Build was configured to prefer settings repositories over project repositories but repository 'Google' was added by build file 'build.gradle.kts'
Build was configured to prefer settings repositories over project repositories but repository 'MavenRepo' was added by build file 'build.gradle.kts'
Build was configured to prefer settings repositories over project repositories but repository 'maven' was added by build file 'build.gradle.kts'
Build was configured to prefer settings repositories over project repositories but repository 'maven2' was added by build file 'build.gradle.kts'
Build was configured to prefer settings repositories over project repositories but repository 'maven3' was added by build file 'build.gradle.kts'
Build was configured to prefer settings repositories over project repositories but repository 'Google' was added by build file 'build.gradle.kts'
Build was configured to prefer settings repositories over project repositories but repository 'MavenRepo' was added by build file 'build.gradle.kts'
Build was configured to prefer settings repositories over project repositories but repository 'maven' was added by build file 'build.gradle.kts'
Build was configured to prefer settings repositories over project repositories but repository 'maven2' was added by build file 'build.gradle.kts'
Build was configured to prefer settings repositories over project repositories but repository 'maven3' was added by build file 'build.gradle.kts'
Build was configured to prefer settings repositories over project repositories but repository 'Google' was added by build file 'build.gradle.kts'
Build was configured to prefer settings repositories over project repositories but repository 'MavenRepo' was added by build file 'build.gradle.kts'
Build was configured to prefer settings repositories over project repositories but repository 'maven' was added by build file 'build.gradle.kts'
Build was configured to prefer settings repositories over project repositories but repository 'maven2' was added by build file 'build.gradle.kts'
Build was configured to prefer settings repositories over project repositories but repository 'maven3' was added by build file 'build.gradle.kts'
Build was configured to prefer settings repositories over project repositories but repository 'Google' was added by build file 'build.gradle.kts'
Build was configured to prefer settings repositories over project repositories but repository 'MavenRepo' was added by build file 'build.gradle.kts'
Build was configured to prefer settings repositories over project repositories but repository 'maven' was added by build file 'build.gradle.kts'
Build was configured to prefer settings repositories over project repositories but repository 'maven2' was added by build file 'build.gradle.kts'
Build was configured to prefer settings repositories over project repositories but repository 'maven3' was added by build file 'build.gradle.kts'
Build was configured to prefer settings repositories over project repositories but repository 'Google' was added by build file 'build.gradle.kts'
Build was configured to prefer settings repositories over project repositories but repository 'MavenRepo' was added by build file 'build.gradle.kts'
Build was configured to prefer settings repositories over project repositories but repository 'maven' was added by build file 'build.gradle.kts'
Build was configured to prefer settings repositories over project repositories but repository 'maven2' was added by build file 'build.gradle.kts'
Build was configured to prefer settings repositories over project repositories but repository 'maven3' was added by build file 'build.gradle.kts'
Build was configured to prefer settings repositories over project repositories but repository 'Google' was added by build file 'build.gradle.kts'
Build was configured to prefer settings repositories over project repositories but repository 'MavenRepo' was added by build file 'build.gradle.kts'
Build was configured to prefer settings repositories over project repositories but repository 'maven' was added by build file 'build.gradle.kts'
Build was configured to prefer settings repositories over project repositories but repository 'maven2' was added by build file 'build.gradle.kts'
Build was configured to prefer settings repositories over project repositories but repository 'maven3' was added by build file 'build.gradle.kts'
Build was configured to prefer settings repositories over project repositories but repository 'Google' was added by build file 'build.gradle.kts'
Build was configured to prefer settings repositories over project repositories but repository 'MavenRepo' was added by build file 'build.gradle.kts'
Build was configured to prefer settings repositories over project repositories but repository 'maven' was added by build file 'build.gradle.kts'
Build was configured to prefer settings repositories over project repositories but repository 'maven2' was added by build file 'build.gradle.kts'
Build was configured to prefer settings repositories over project repositories but repository 'maven3' was added by build file 'build.gradle.kts'
Build was configured to prefer settings repositories over project repositories but repository 'Google' was added by build file 'build.gradle.kts'
Build was configured to prefer settings repositories over project repositories but repository 'MavenRepo' was added by build file 'build.gradle.kts'
Build was configured to prefer settings repositories over project repositories but repository 'maven' was added by build file 'build.gradle.kts'
Build was configured to prefer settings repositories over project repositories but repository 'maven2' was added by build file 'build.gradle.kts'
Build was configured to prefer settings repositories over project repositories but repository 'maven3' was added by build file 'build.gradle.kts'
Build was configured to prefer settings repositories over project repositories but repository 'Google' was added by build file 'build.gradle.kts'
Build was configured to prefer settings repositories over project repositories but repository 'MavenRepo' was added by build file 'build.gradle.kts'
Build was configured to prefer settings repositories over project repositories but repository 'maven' was added by build file 'build.gradle.kts'
Build was configured to prefer settings repositories over project repositories but repository 'maven2' was added by build file 'build.gradle.kts'
Build was configured to prefer settings repositories over project repositories but repository 'maven3' was added by build file 'build.gradle.kts'
Build was configured to prefer settings repositories over project repositories but repository 'Google' was added by build file 'build.gradle.kts'
Build was configured to prefer settings repositories over project repositories but repository 'MavenRepo' was added by build file 'build.gradle.kts'
Build was configured to prefer settings repositories over project repositories but repository 'maven' was added by build file 'build.gradle.kts'
Build was configured to prefer settings repositories over project repositories but repository 'maven2' was added by build file 'build.gradle.kts'
Build was configured to prefer settings repositories over project repositories but repository 'maven3' was added by build file 'build.gradle.kts'
Build was configured to prefer settings repositories over project repositories but repository 'Google' was added by build file 'build.gradle.kts'
Build was configured to prefer settings repositories over project repositories but repository 'MavenRepo' was added by build file 'build.gradle.kts'
Build was configured to prefer settings repositories over project repositories but repository 'maven' was added by build file 'build.gradle.kts'
Build was configured to prefer settings repositories over project repositories but repository 'maven2' was added by build file 'build.gradle.kts'
Build was configured to prefer settings repositories over project repositories but repository 'maven3' was added by build file 'build.gradle.kts'
Build was configured to prefer settings repositories over project repositories but repository 'Google' was added by build file 'build.gradle.kts'
Build was configured to prefer settings repositories over project repositories but repository 'MavenRepo' was added by build file 'build.gradle.kts'
Build was configured to prefer settings repositories over project repositories but repository 'maven' was added by build file 'build.gradle.kts'
Build was configured to prefer settings repositories over project repositories but repository 'maven2' was added by build file 'build.gradle.kts'
Build was configured to prefer settings repositories over project repositories but repository 'maven3' was added by build file 'build.gradle.kts'
Build was configured to prefer settings repositories over project repositories but repository 'Google' was added by build file 'build.gradle.kts'
Build was configured to prefer settings repositories over project repositories but repository 'MavenRepo' was added by build file 'build.gradle.kts'
Build was configured to prefer settings repositories over project repositories but repository 'maven' was added by build file 'build.gradle.kts'
Build was configured to prefer settings repositories over project repositories but repository 'maven2' was added by build file 'build.gradle.kts'
Build was configured to prefer settings repositories over project repositories but repository 'maven3' was added by build file 'build.gradle.kts'
Build was configured to prefer settings repositories over project repositories but repository 'Google' was added by build file 'build.gradle.kts'
Build was configured to prefer settings repositories over project repositories but repository 'MavenRepo' was added by build file 'build.gradle.kts'

> Configure project :app
WARNING: The option setting 'android.experimental.legacyTransform.forceNonIncremental=true' is experimental.
The current default is 'false'.
WARNING: The option 'android.enableBuildCache' is deprecated.
The current default is 'false'.
It was removed in version 7.0 of the Android Gradle plugin.
The Android-specific build caches were superseded by the Gradle build cache (https://docs.gradle.org/current/userguide/build_cache.html).
WARNING: The specified Android SDK Build Tools version (33.0.2) is ignored, as it is below the minimum supported version (34.0.0) for Android Gradle Plugin 8.2.1.
Android SDK Build Tools 34.0.0 will be used.
To suppress this warning, remove "buildToolsVersion '33.0.2'" from your build.gradle file, as each version of the Android Gradle Plugin now has a default version of the build tools.

> Task :shared:sync:preBuild UP-TO-DATE
> Task :feature:plan:preBuild UP-TO-DATE
> Task :core:common:preBuild UP-TO-DATE
> Task :shared:backup:preBuild UP-TO-DATE
> Task :feature:schedule:preBuild UP-TO-DATE
> Task :feature:todo:preBuild UP-TO-DATE
> Task :shared:user:preBuild UP-TO-DATE
> Task :feature:ledger:preBuild UP-TO-DATE
> Task :shared:notification:preBuild UP-TO-DATE
> Task :feature:habit:preBuild UP-TO-DATE
> Task :core:ui:preBuild UP-TO-DATE
> Task :core:database:preBuild UP-TO-DATE
> Task :core:network:preBuild UP-TO-DATE
> Task :feature:plan:preDebugBuild UP-TO-DATE
> Task :feature:schedule:preDebugBuild UP-TO-DATE
> Task :feature:todo:preDebugBuild UP-TO-DATE
> Task :shared:notification:preDebugBuild UP-TO-DATE
> Task :core:network:preDebugBuild UP-TO-DATE
> Task :app:checkKotlinGradlePluginConfigurationErrors
> Task :core:ui:preDebugBuild UP-TO-DATE
> Task :feature:habit:preDebugBuild UP-TO-DATE
> Task :shared:backup:preDebugBuild UP-TO-DATE
> Task :shared:sync:preDebugBuild UP-TO-DATE
> Task :shared:user:preDebugBuild UP-TO-DATE
> Task :core:database:preDebugBuild UP-TO-DATE
> Task :shared:notification:writeDebugAarMetadata UP-TO-DATE
> Task :feature:ledger:preDebugBuild UP-TO-DATE
> Task :core:network:writeDebugAarMetadata UP-TO-DATE
> Task :shared:sync:writeDebugAarMetadata UP-TO-DATE
> Task :core:ui:writeDebugAarMetadata UP-TO-DATE
> Task :shared:backup:writeDebugAarMetadata UP-TO-DATE
> Task :core:network:generateDebugResValues UP-TO-DATE
> Task :core:ui:generateDebugResValues UP-TO-DATE
> Task :core:network:generateDebugResources UP-TO-DATE
> Task :core:ui:generateDebugResources UP-TO-DATE
> Task :shared:backup:generateDebugResValues UP-TO-DATE
> Task :shared:sync:generateDebugResValues UP-TO-DATE
> Task :shared:backup:generateDebugResources UP-TO-DATE
> Task :shared:sync:generateDebugResources UP-TO-DATE
> Task :core:common:preDebugBuild UP-TO-DATE
> Task :core:database:writeDebugAarMetadata UP-TO-DATE
> Task :app:preBuild UP-TO-DATE
> Task :shared:notification:generateDebugResValues UP-TO-DATE
> Task :app:preDebugBuild UP-TO-DATE
> Task :core:common:writeDebugAarMetadata UP-TO-DATE
> Task :core:ui:packageDebugResources UP-TO-DATE
> Task :shared:notification:generateDebugResources UP-TO-DATE
> Task :core:network:packageDebugResources UP-TO-DATE
> Task :shared:sync:packageDebugResources UP-TO-DATE
> Task :shared:user:writeDebugAarMetadata UP-TO-DATE
> Task :core:database:generateDebugResValues UP-TO-DATE
> Task :core:database:generateDebugResources UP-TO-DATE
> Task :core:ui:extractDeepLinksDebug UP-TO-DATE
> Task :shared:notification:packageDebugResources UP-TO-DATE
> Task :core:ui:processDebugManifest UP-TO-DATE
> Task :shared:notification:extractDeepLinksDebug UP-TO-DATE
> Task :core:database:packageDebugResources UP-TO-DATE
> Task :core:network:extractDeepLinksDebug UP-TO-DATE
> Task :shared:user:generateDebugResValues UP-TO-DATE
> Task :shared:sync:extractDeepLinksDebug UP-TO-DATE
> Task :shared:backup:packageDebugResources UP-TO-DATE
> Task :shared:user:generateDebugResources UP-TO-DATE
> Task :core:common:generateDebugResValues UP-TO-DATE
> Task :core:ui:compileDebugLibraryResources UP-TO-DATE
> Task :core:common:generateDebugResources UP-TO-DATE
> Task :app:generateDebugBuildConfig UP-TO-DATE
> Task :core:network:processDebugManifest UP-TO-DATE
> Task :app:generateDebugResValues UP-TO-DATE
> Task :shared:backup:extractDeepLinksDebug UP-TO-DATE
> Task :app:generateDebugResources UP-TO-DATE
> Task :shared:user:packageDebugResources UP-TO-DATE
> Task :shared:backup:processDebugManifest UP-TO-DATE
> Task :core:common:packageDebugResources UP-TO-DATE
> Task :shared:user:extractDeepLinksDebug UP-TO-DATE
> Task :app:packageDebugResources UP-TO-DATE
> Task :shared:notification:processDebugManifest UP-TO-DATE
> Task :shared:sync:processDebugManifest UP-TO-DATE
> Task :shared:backup:compileDebugLibraryResources UP-TO-DATE
> Task :core:network:compileDebugLibraryResources UP-TO-DATE
> Task :shared:sync:compileDebugLibraryResources UP-TO-DATE
> Task :shared:notification:compileDebugLibraryResources UP-TO-DATE
> Task :feature:todo:writeDebugAarMetadata UP-TO-DATE
> Task :shared:user:processDebugManifest UP-TO-DATE
> Task :core:database:extractDeepLinksDebug UP-TO-DATE
> Task :core:common:extractDeepLinksDebug UP-TO-DATE
> Task :shared:user:compileDebugLibraryResources UP-TO-DATE
> Task :core:database:processDebugManifest UP-TO-DATE
> Task :feature:habit:writeDebugAarMetadata UP-TO-DATE
> Task :core:common:processDebugManifest UP-TO-DATE
> Task :core:database:compileDebugLibraryResources UP-TO-DATE
> Task :feature:todo:generateDebugResValues UP-TO-DATE
> Task :feature:todo:generateDebugResources UP-TO-DATE
> Task :feature:habit:generateDebugResValues UP-TO-DATE
> Task :feature:habit:generateDebugResources UP-TO-DATE
> Task :core:common:compileDebugLibraryResources UP-TO-DATE
> Task :feature:todo:packageDebugResources UP-TO-DATE
> Task :feature:habit:packageDebugResources UP-TO-DATE
> Task :feature:todo:extractDeepLinksDebug UP-TO-DATE
> Task :feature:plan:writeDebugAarMetadata UP-TO-DATE
> Task :feature:habit:extractDeepLinksDebug UP-TO-DATE
> Task :feature:plan:generateDebugResValues UP-TO-DATE
> Task :feature:plan:generateDebugResources UP-TO-DATE
> Task :feature:todo:processDebugManifest UP-TO-DATE
> Task :feature:habit:processDebugManifest UP-TO-DATE
> Task :feature:todo:compileDebugLibraryResources UP-TO-DATE
> Task :feature:plan:packageDebugResources UP-TO-DATE
> Task :feature:habit:compileDebugLibraryResources UP-TO-DATE
> Task :feature:plan:extractDeepLinksDebug UP-TO-DATE
> Task :feature:plan:processDebugManifest UP-TO-DATE
> Task :feature:plan:compileDebugLibraryResources UP-TO-DATE
> Task :shared:user:parseDebugLocalResources UP-TO-DATE
> Task :core:network:parseDebugLocalResources UP-TO-DATE
> Task :shared:user:generateDebugRFile UP-TO-DATE
> Task :shared:user:checkKotlinGradlePluginConfigurationErrors
> Task :core:network:generateDebugRFile UP-TO-DATE
> Task :core:network:checkKotlinGradlePluginConfigurationErrors
> Task :app:parseDebugLocalResources UP-TO-DATE
> Task :app:createDebugCompatibleScreenManifests UP-TO-DATE
> Task :app:extractDeepLinksDebug UP-TO-DATE
> Task :shared:sync:parseDebugLocalResources UP-TO-DATE
> Task :shared:sync:generateDebugRFile UP-TO-DATE
> Task :shared:sync:checkKotlinGradlePluginConfigurationErrors
> Task :shared:notification:parseDebugLocalResources UP-TO-DATE
> Task :shared:notification:generateDebugRFile UP-TO-DATE
> Task :shared:notification:checkKotlinGradlePluginConfigurationErrors
> Task :shared:backup:parseDebugLocalResources UP-TO-DATE
> Task :shared:backup:generateDebugRFile UP-TO-DATE
> Task :shared:backup:checkKotlinGradlePluginConfigurationErrors
> Task :core:ui:parseDebugLocalResources UP-TO-DATE
> Task :core:ui:generateDebugRFile UP-TO-DATE
> Task :core:ui:checkKotlinGradlePluginConfigurationErrors
> Task :feature:ledger:writeDebugAarMetadata UP-TO-DATE
> Task :feature:ledger:generateDebugResValues UP-TO-DATE
> Task :feature:ledger:generateDebugResources UP-TO-DATE
> Task :feature:ledger:packageDebugResources UP-TO-DATE
> Task :feature:plan:parseDebugLocalResources UP-TO-DATE
> Task :feature:ledger:extractDeepLinksDebug UP-TO-DATE
> Task :feature:ledger:processDebugManifest UP-TO-DATE
> Task :feature:plan:generateDebugRFile UP-TO-DATE
> Task :feature:ledger:compileDebugLibraryResources UP-TO-DATE
> Task :feature:plan:checkKotlinGradlePluginConfigurationErrors
> Task :feature:habit:parseDebugLocalResources UP-TO-DATE
> Task :feature:habit:generateDebugRFile UP-TO-DATE
> Task :feature:habit:checkKotlinGradlePluginConfigurationErrors
> Task :feature:todo:parseDebugLocalResources UP-TO-DATE
> Task :feature:todo:generateDebugRFile UP-TO-DATE
> Task :feature:todo:checkKotlinGradlePluginConfigurationErrors
> Task :core:common:parseDebugLocalResources UP-TO-DATE
> Task :core:common:generateDebugRFile UP-TO-DATE
> Task :core:common:checkKotlinGradlePluginConfigurationErrors
> Task :core:database:parseDebugLocalResources UP-TO-DATE
> Task :feature:schedule:writeDebugAarMetadata UP-TO-DATE
> Task :core:database:generateDebugRFile UP-TO-DATE
> Task :feature:schedule:generateDebugResValues UP-TO-DATE
> Task :core:database:checkKotlinGradlePluginConfigurationErrors
> Task :feature:schedule:generateDebugResources UP-TO-DATE
> Task :feature:schedule:packageDebugResources UP-TO-DATE
> Task :feature:ledger:parseDebugLocalResources UP-TO-DATE
> Task :feature:schedule:extractDeepLinksDebug UP-TO-DATE
> Task :feature:ledger:generateDebugRFile UP-TO-DATE
> Task :feature:ledger:checkKotlinGradlePluginConfigurationErrors
> Task :feature:schedule:processDebugManifest UP-TO-DATE
> Task :feature:schedule:compileDebugLibraryResources UP-TO-DATE
> Task :feature:schedule:parseDebugLocalResources UP-TO-DATE
> Task :feature:schedule:generateDebugRFile UP-TO-DATE
> Task :feature:schedule:checkKotlinGradlePluginConfigurationErrors
> Task :core:network:javaPreCompileDebug UP-TO-DATE
> Task :core:ui:javaPreCompileDebug UP-TO-DATE
> Task :shared:notification:javaPreCompileDebug UP-TO-DATE
> Task :shared:user:javaPreCompileDebug UP-TO-DATE
> Task :shared:backup:javaPreCompileDebug UP-TO-DATE
> Task :shared:sync:javaPreCompileDebug UP-TO-DATE
> Task :core:database:javaPreCompileDebug UP-TO-DATE
> Task :feature:todo:javaPreCompileDebug UP-TO-DATE
> Task :feature:ledger:javaPreCompileDebug UP-TO-DATE
> Task :feature:schedule:javaPreCompileDebug UP-TO-DATE
> Task :feature:plan:javaPreCompileDebug UP-TO-DATE
> Task :feature:habit:javaPreCompileDebug UP-TO-DATE
> Task :app:checkDebugAarMetadata UP-TO-DATE
> Task :app:mapDebugSourceSetPaths UP-TO-DATE
> Task :app:mergeDebugResources UP-TO-DATE
> Task :app:processDebugMainManifest UP-TO-DATE
> Task :app:processDebugManifest UP-TO-DATE
> Task :app:processDebugManifestForPackage UP-TO-DATE
> Task :core:common:kspDebugKotlin UP-TO-DATE
> Task :core:common:compileDebugKotlin UP-TO-DATE
> Task :app:processDebugResources UP-TO-DATE
> Task :core:common:javaPreCompileDebug UP-TO-DATE
> Task :core:common:compileDebugJavaWithJavac UP-TO-DATE
> Task :core:common:transformDebugClassesWithAsm UP-TO-DATE
> Task :core:common:bundleLibCompileToJarDebug UP-TO-DATE
> Task :core:common:bundleLibRuntimeToJarDebug UP-TO-DATE
> Task :core:database:kspDebugKotlin UP-TO-DATE
> Task :core:network:kspDebugKotlin UP-TO-DATE
> Task :shared:notification:kspDebugKotlin UP-TO-DATE
> Task :shared:notification:compileDebugKotlin UP-TO-DATE
> Task :core:network:compileDebugKotlin UP-TO-DATE
> Task :core:database:compileDebugKotlin UP-TO-DATE
> Task :core:ui:kspDebugKotlin UP-TO-DATE
> Task :shared:notification:compileDebugJavaWithJavac UP-TO-DATE
> Task :core:network:compileDebugJavaWithJavac UP-TO-DATE
> Task :core:database:compileDebugJavaWithJavac UP-TO-DATE
> Task :shared:notification:transformDebugClassesWithAsm UP-TO-DATE
> Task :shared:notification:bundleLibCompileToJarDebug UP-TO-DATE
> Task :core:database:transformDebugClassesWithAsm UP-TO-DATE
> Task :core:network:transformDebugClassesWithAsm UP-TO-DATE
> Task :shared:notification:bundleLibRuntimeToJarDebug UP-TO-DATE
> Task :core:database:bundleLibCompileToJarDebug UP-TO-DATE
> Task :core:network:bundleLibCompileToJarDebug UP-TO-DATE
> Task :core:database:bundleLibRuntimeToJarDebug UP-TO-DATE
> Task :core:network:bundleLibRuntimeToJarDebug UP-TO-DATE
> Task :core:ui:compileDebugKotlin UP-TO-DATE
> Task :core:ui:compileDebugJavaWithJavac NO-SOURCE
> Task :core:ui:transformDebugClassesWithAsm UP-TO-DATE
> Task :core:ui:bundleLibCompileToJarDebug UP-TO-DATE
> Task :core:ui:bundleLibRuntimeToJarDebug UP-TO-DATE
> Task :shared:user:kspDebugKotlin UP-TO-DATE
> Task :shared:user:compileDebugKotlin UP-TO-DATE
> Task :shared:user:compileDebugJavaWithJavac UP-TO-DATE
> Task :shared:user:transformDebugClassesWithAsm UP-TO-DATE
> Task :shared:user:bundleLibCompileToJarDebug UP-TO-DATE
> Task :shared:user:bundleLibRuntimeToJarDebug UP-TO-DATE
> Task :shared:sync:kspDebugKotlin UP-TO-DATE
> Task :shared:sync:compileDebugKotlin UP-TO-DATE
> Task :shared:sync:compileDebugJavaWithJavac UP-TO-DATE
> Task :feature:todo:kspDebugKotlin UP-TO-DATE
> Task :feature:habit:kspDebugKotlin UP-TO-DATE
> Task :shared:sync:transformDebugClassesWithAsm UP-TO-DATE
> Task :shared:sync:bundleLibCompileToJarDebug UP-TO-DATE
> Task :shared:sync:bundleLibRuntimeToJarDebug UP-TO-DATE
> Task :feature:habit:compileDebugKotlin UP-TO-DATE
> Task :feature:todo:compileDebugKotlin UP-TO-DATE
> Task :feature:schedule:kspDebugKotlin UP-TO-DATE
> Task :feature:habit:compileDebugJavaWithJavac UP-TO-DATE
> Task :feature:todo:compileDebugJavaWithJavac UP-TO-DATE
> Task :feature:plan:kspDebugKotlin UP-TO-DATE
> Task :feature:habit:transformDebugClassesWithAsm UP-TO-DATE
> Task :feature:habit:bundleLibCompileToJarDebug UP-TO-DATE
> Task :feature:todo:transformDebugClassesWithAsm UP-TO-DATE
> Task :feature:todo:bundleLibCompileToJarDebug UP-TO-DATE
> Task :feature:schedule:compileDebugKotlin UP-TO-DATE
> Task :feature:schedule:compileDebugJavaWithJavac UP-TO-DATE
> Task :shared:backup:kspDebugKotlin UP-TO-DATE
> Task :feature:plan:compileDebugKotlin UP-TO-DATE
> Task :feature:schedule:transformDebugClassesWithAsm UP-TO-DATE
> Task :feature:schedule:bundleLibCompileToJarDebug UP-TO-DATE
> Task :shared:backup:compileDebugKotlin UP-TO-DATE
> Task :feature:plan:compileDebugJavaWithJavac UP-TO-DATE
> Task :shared:backup:compileDebugJavaWithJavac UP-TO-DATE
> Task :feature:plan:transformDebugClassesWithAsm UP-TO-DATE
> Task :feature:plan:bundleLibCompileToJarDebug UP-TO-DATE
> Task :shared:backup:transformDebugClassesWithAsm UP-TO-DATE
> Task :shared:backup:bundleLibCompileToJarDebug UP-TO-DATE
> Task :feature:ledger:kspDebugKotlin UP-TO-DATE
> Task :feature:ledger:compileDebugKotlin UP-TO-DATE
> Task :feature:ledger:compileDebugJavaWithJavac UP-TO-DATE
> Task :feature:ledger:transformDebugClassesWithAsm UP-TO-DATE
> Task :feature:ledger:bundleLibCompileToJarDebug UP-TO-DATE
> Task :app:kspDebugKotlin

> Task :app:compileDebugKotlin FAILED
e: file:///D:/kotlin/Cc_xiaoji/app/src/main/java/com/ccxiaoji/app/presentation/screen/import/components/BalanceValidationDialog.kt:214:49 Type mismatch: inferred type is String but BalanceWarning was expected
e: file:///D:/kotlin/Cc_xiaoji/app/src/main/java/com/ccxiaoji/app/presentation/screen/import/components/BalanceValidationDialog.kt:346:38 Unresolved reference: row
e: file:///D:/kotlin/Cc_xiaoji/app/src/main/java/com/ccxiaoji/app/presentation/screen/import/components/BalanceValidationDialog.kt:346:53 Unresolved reference: it
e: file:///D:/kotlin/Cc_xiaoji/app/src/main/java/com/ccxiaoji/app/presentation/screen/import/components/BalanceValidationDialog.kt:373:75 Unresolved reference: expected
e: file:///D:/kotlin/Cc_xiaoji/app/src/main/java/com/ccxiaoji/app/presentation/screen/import/components/BalanceValidationDialog.kt:382:75 Unresolved reference: actual
e: file:///D:/kotlin/Cc_xiaoji/app/src/main/java/com/ccxiaoji/app/presentation/screen/import/components/BalanceValidationDialog.kt:417:29 Unresolved reference: row
e: file:///D:/kotlin/Cc_xiaoji/app/src/main/java/com/ccxiaoji/app/presentation/screen/import/components/BalanceValidationDialog.kt:419:45 Unresolved reference: row
e: file:///D:/kotlin/Cc_xiaoji/app/src/main/java/com/ccxiaoji/app/presentation/screen/import/components/BalanceValidationDialog.kt:425:36 Unresolved reference: message
e: file:///D:/kotlin/Cc_xiaoji/app/src/main/java/com/ccxiaoji/app/presentation/screen/import/components/BatchImportProgressDialog.kt:49:17 'when' expression must be exhaustive, add necessary 'IDLE', 'ANALYZING', 'READING', 'VALIDATING', 'IMPORTING', 'MODULE_COMPLETED', 'COMPLETED', ... branches or 'else' branch instead
e: file:///D:/kotlin/Cc_xiaoji/app/src/main/java/com/ccxiaoji/app/presentation/screen/import/components/BatchImportProgressDialog.kt:50:24 Comparison of incompatible enums 'ExcelImportProgress' and '[Error type: Unresolved type for ExcelImportProgress.Idle]' is always unsuccessful
e: file:///D:/kotlin/Cc_xiaoji/app/src/main/java/com/ccxiaoji/app/presentation/screen/import/components/BatchImportProgressDialog.kt:50:44 Unresolved reference: Idle
e: file:///D:/kotlin/Cc_xiaoji/app/src/main/java/com/ccxiaoji/app/presentation/screen/import/components/BatchImportProgressDialog.kt:54:24 Comparison of incompatible enums 'ExcelImportProgress' and '[Error type: Unresolved type for ExcelImportProgress.Analyzing]' is always unsuccessful
e: file:///D:/kotlin/Cc_xiaoji/app/src/main/java/com/ccxiaoji/app/presentation/screen/import/components/BatchImportProgressDialog.kt:54:44 Unresolved reference: Analyzing
e: file:///D:/kotlin/Cc_xiaoji/app/src/main/java/com/ccxiaoji/app/presentation/screen/import/components/BatchImportProgressDialog.kt:67:59 Unresolved reference: fileStructure
e: file:///D:/kotlin/Cc_xiaoji/app/src/main/java/com/ccxiaoji/app/presentation/screen/import/components/BatchImportProgressDialog.kt:72:63 Unresolved reference: fileStructure
e: file:///D:/kotlin/Cc_xiaoji/app/src/main/java/com/ccxiaoji/app/presentation/screen/import/components/BatchImportProgressDialog.kt:78:24 Comparison of incompatible enums 'ExcelImportProgress' and '[Error type: Unresolved type for ExcelImportProgress.Importing]' is always unsuccessful
e: file:///D:/kotlin/Cc_xiaoji/app/src/main/java/com/ccxiaoji/app/presentation/screen/import/components/BatchImportProgressDialog.kt:78:44 Unresolved reference: Importing
e: file:///D:/kotlin/Cc_xiaoji/app/src/main/java/com/ccxiaoji/app/presentation/screen/import/components/BatchImportProgressDialog.kt:88:57 Unresolved reference: current
e: file:///D:/kotlin/Cc_xiaoji/app/src/main/java/com/ccxiaoji/app/presentation/screen/import/components/BatchImportProgressDialog.kt:88:92 Unresolved reference: total
e: file:///D:/kotlin/Cc_xiaoji/app/src/main/java/com/ccxiaoji/app/presentation/screen/import/components/BatchImportProgressDialog.kt:100:54 Unresolved reference: current
e: file:///D:/kotlin/Cc_xiaoji/app/src/main/java/com/ccxiaoji/app/presentation/screen/import/components/BatchImportProgressDialog.kt:100:82 Unresolved reference: total
e: file:///D:/kotlin/Cc_xiaoji/app/src/main/java/com/ccxiaoji/app/presentation/screen/import/components/BatchImportProgressDialog.kt:109:60 Unresolved reference: module
e: file:///D:/kotlin/Cc_xiaoji/app/src/main/java/com/ccxiaoji/app/presentation/screen/import/components/BatchImportProgressDialog.kt:133:24 Comparison of incompatible enums 'ExcelImportProgress' and '[Error type: Unresolved type for ExcelImportProgress.ModuleCompleted]' is always unsuccessful
e: file:///D:/kotlin/Cc_xiaoji/app/src/main/java/com/ccxiaoji/app/presentation/screen/import/components/BatchImportProgressDialog.kt:133:44 Unresolved reference: ModuleCompleted
e: file:///D:/kotlin/Cc_xiaoji/app/src/main/java/com/ccxiaoji/app/presentation/screen/import/components/BatchImportProgressDialog.kt:134:42 'when' expression must be exhaustive, add necessary 'else' branch
e: file:///D:/kotlin/Cc_xiaoji/app/src/main/java/com/ccxiaoji/app/presentation/screen/import/components/BatchImportProgressDialog.kt:134:63 Unresolved reference: module
e: file:///D:/kotlin/Cc_xiaoji/app/src/main/java/com/ccxiaoji/app/presentation/screen/import/components/BatchImportProgressDialog.kt:135:29 Comparison of incompatible enums '[Error type: Unknown type]' and 'ExcelDataModule' is always unsuccessful
e: file:///D:/kotlin/Cc_xiaoji/app/src/main/java/com/ccxiaoji/app/presentation/screen/import/components/BatchImportProgressDialog.kt:136:29 Comparison of incompatible enums '[Error type: Unknown type]' and 'ExcelDataModule' is always unsuccessful
e: file:///D:/kotlin/Cc_xiaoji/app/src/main/java/com/ccxiaoji/app/presentation/screen/import/components/BatchImportProgressDialog.kt:137:29 Comparison of incompatible enums '[Error type: Unknown type]' and 'ExcelDataModule' is always unsuccessful
e: file:///D:/kotlin/Cc_xiaoji/app/src/main/java/com/ccxiaoji/app/presentation/screen/import/components/BatchImportProgressDialog.kt:138:29 Comparison of incompatible enums '[Error type: Unknown type]' and 'ExcelDataModule' is always unsuccessful
e: file:///D:/kotlin/Cc_xiaoji/app/src/main/java/com/ccxiaoji/app/presentation/screen/import/components/BatchImportProgressDialog.kt:139:29 Comparison of incompatible enums '[Error type: Unknown type]' and 'ExcelDataModule' is always unsuccessful
e: file:///D:/kotlin/Cc_xiaoji/app/src/main/java/com/ccxiaoji/app/presentation/screen/import/components/BatchImportProgressDialog.kt:149:53 Unresolved reference: result
e: file:///D:/kotlin/Cc_xiaoji/app/src/main/java/com/ccxiaoji/app/presentation/screen/import/components/BatchImportProgressDialog.kt:192:24 Comparison of incompatible enums 'ExcelImportProgress' and '[Error type: Unresolved type for ExcelImportProgress.Completed]' is always unsuccessful
e: file:///D:/kotlin/Cc_xiaoji/app/src/main/java/com/ccxiaoji/app/presentation/screen/import/components/BatchImportProgressDialog.kt:192:44 Unresolved reference: Completed
e: file:///D:/kotlin/Cc_xiaoji/app/src/main/java/com/ccxiaoji/app/presentation/screen/import/components/BatchImportProgressDialog.kt:194:62 Unresolved reference: result
e: file:///D:/kotlin/Cc_xiaoji/app/src/main/java/com/ccxiaoji/app/presentation/screen/import/components/BatchImportProgressDialog.kt:201:55 Unresolved reference: result
e: file:///D:/kotlin/Cc_xiaoji/app/src/main/java/com/ccxiaoji/app/presentation/screen/import/components/BatchImportProgressDialog.kt:210:55 Unresolved reference: result
e: file:///D:/kotlin/Cc_xiaoji/app/src/main/java/com/ccxiaoji/app/presentation/screen/import/components/BatchImportProgressDialog.kt:232:60 Unresolved reference: result
e: file:///D:/kotlin/Cc_xiaoji/app/src/main/java/com/ccxiaoji/app/presentation/screen/import/components/BatchImportProgressDialog.kt:240:59 Unresolved reference: result
e: file:///D:/kotlin/Cc_xiaoji/app/src/main/java/com/ccxiaoji/app/presentation/screen/import/components/BatchImportProgressDialog.kt:249:60 Unresolved reference: result
e: file:///D:/kotlin/Cc_xiaoji/app/src/main/java/com/ccxiaoji/app/presentation/screen/import/components/BatchImportProgressDialog.kt:251:52 Unresolved reference: result
e: file:///D:/kotlin/Cc_xiaoji/app/src/main/java/com/ccxiaoji/app/presentation/screen/import/components/BatchImportProgressDialog.kt:258:63 Unresolved reference: result
e: file:///D:/kotlin/Cc_xiaoji/app/src/main/java/com/ccxiaoji/app/presentation/screen/import/components/BatchImportProgressDialog.kt:269:44 Unresolved reference: result
e: file:///D:/kotlin/Cc_xiaoji/app/src/main/java/com/ccxiaoji/app/presentation/screen/import/components/BatchImportProgressDialog.kt:277:80 Unresolved reference: result
e: file:///D:/kotlin/Cc_xiaoji/app/src/main/java/com/ccxiaoji/app/presentation/screen/import/components/BatchImportProgressDialog.kt:296:24 Comparison of incompatible enums 'ExcelImportProgress' and '[Error type: Unresolved type for ExcelImportProgress.Error]' is always unsuccessful
e: file:///D:/kotlin/Cc_xiaoji/app/src/main/java/com/ccxiaoji/app/presentation/screen/import/components/BatchImportProgressDialog.kt:296:44 Unresolved reference: Error
e: file:///D:/kotlin/Cc_xiaoji/app/src/main/java/com/ccxiaoji/app/presentation/screen/import/components/BatchImportProgressDialog.kt:334:39 Comparison of incompatible enums 'ExcelImportProgress' and '[Error type: Unresolved type for ExcelImportProgress.Importing]' is always unsuccessful
e: file:///D:/kotlin/Cc_xiaoji/app/src/main/java/com/ccxiaoji/app/presentation/screen/import/components/BatchImportProgressDialog.kt:334:59 Unresolved reference: Importing
e: file:///D:/kotlin/Cc_xiaoji/app/src/main/java/com/ccxiaoji/app/presentation/screen/import/components/ColumnMappingDialog.kt:218:29 Unresolved reference: headers
e: file:///D:/kotlin/Cc_xiaoji/app/src/main/java/com/ccxiaoji/app/presentation/screen/import/components/ColumnMappingDialog.kt:220:35 Type mismatch: inferred type is Int but String was expected
e: file:///D:/kotlin/Cc_xiaoji/app/src/main/java/com/ccxiaoji/app/presentation/screen/import/components/ColumnMappingDialog.kt:221:38 Type inference failed. The value of the type parameter K should be mentioned in input types (argument types, receiver type or expected type). Try to specify it explicitly.
e: file:///D:/kotlin/Cc_xiaoji/app/src/main/java/com/ccxiaoji/app/presentation/screen/import/components/ColumnMappingDialog.kt:226:41 Type inference failed. The value of the type parameter K should be mentioned in input types (argument types, receiver type or expected type). Try to specify it explicitly.
e: file:///D:/kotlin/Cc_xiaoji/app/src/main/java/com/ccxiaoji/app/presentation/screen/import/components/ColumnMappingDialog.kt:228:41 Type mismatch: inferred type is Int but String was expected
e: file:///D:/kotlin/Cc_xiaoji/app/src/main/java/com/ccxiaoji/app/presentation/screen/import/components/ColumnMappingDialog.kt:229:48 Type mismatch: inferred type is Int but String was expected
e: file:///D:/kotlin/Cc_xiaoji/app/src/main/java/com/ccxiaoji/app/presentation/screen/import/components/ExcelImportWithValidation.kt:8:36 Unresolved reference: ExcelDataModule
e: file:///D:/kotlin/Cc_xiaoji/app/src/main/java/com/ccxiaoji/app/presentation/screen/import/components/ExcelImportWithValidation.kt:41:25 Unresolved reference: ignoreBalanceErrors
e: file:///D:/kotlin/Cc_xiaoji/app/src/main/java/com/ccxiaoji/app/presentation/screen/import/components/ExcelImportWithValidation.kt:45:44 Unresolved reference: ExcelDataModule
e: file:///D:/kotlin/Cc_xiaoji/app/src/main/java/com/ccxiaoji/app/presentation/screen/import/components/ExcelImportWithValidation.kt:54:69 Unresolved reference: headers
e: file:///D:/kotlin/Cc_xiaoji/app/src/main/java/com/ccxiaoji/app/presentation/screen/import/components/ExcelImportWithValidation.kt:55:33 Unresolved reference: it
e: file:///D:/kotlin/Cc_xiaoji/app/src/main/java/com/ccxiaoji/app/presentation/screen/import/components/ExcelImportWithValidation.kt:55:54 Unresolved reference: it
e: file:///D:/kotlin/Cc_xiaoji/app/src/main/java/com/ccxiaoji/app/presentation/screen/import/components/ExcelImportWithValidation.kt:98:55 Cannot find a parameter with this name: ignoreBalanceErrors
e: file:///D:/kotlin/Cc_xiaoji/app/src/main/java/com/ccxiaoji/app/presentation/screen/import/components/ExcelImportWithValidation.kt:125:17 Cannot find a parameter with this name: row
e: file:///D:/kotlin/Cc_xiaoji/app/src/main/java/com/ccxiaoji/app/presentation/screen/import/components/ExcelImportWithValidation.kt:127:17 Cannot find a parameter with this name: expected
e: file:///D:/kotlin/Cc_xiaoji/app/src/main/java/com/ccxiaoji/app/presentation/screen/import/components/ExcelImportWithValidation.kt:128:17 Cannot find a parameter with this name: actual
e: file:///D:/kotlin/Cc_xiaoji/app/src/main/java/com/ccxiaoji/app/presentation/screen/import/components/ExcelImportWithValidation.kt:130:17 Cannot find a parameter with this name: type
e: file:///D:/kotlin/Cc_xiaoji/app/src/main/java/com/ccxiaoji/app/presentation/screen/import/components/ExcelImportWithValidation.kt:130:17 No value passed for parameter 'accountId'
e: file:///D:/kotlin/Cc_xiaoji/app/src/main/java/com/ccxiaoji/app/presentation/screen/import/components/ExcelImportWithValidation.kt:130:17 No value passed for parameter 'expectedBalance'
e: file:///D:/kotlin/Cc_xiaoji/app/src/main/java/com/ccxiaoji/app/presentation/screen/import/components/ExcelImportWithValidation.kt:130:17 No value passed for parameter 'actualBalance'
e: file:///D:/kotlin/Cc_xiaoji/app/src/main/java/com/ccxiaoji/app/presentation/screen/import/components/ExcelImportWithValidation.kt:130:17 No value passed for parameter 'rowIndex'
e: file:///D:/kotlin/Cc_xiaoji/app/src/main/java/com/ccxiaoji/app/presentation/screen/import/components/ExcelImportWithValidation.kt:130:41 Unresolved reference: ACCOUNT_BALANCE_MISMATCH
e: file:///D:/kotlin/Cc_xiaoji/app/src/main/java/com/ccxiaoji/app/presentation/screen/import/components/ExcelImportWithValidation.kt:133:20 Type mismatch: inferred type is List<BalanceWarning> but List<String> was expected
e: file:///D:/kotlin/Cc_xiaoji/app/src/main/java/com/ccxiaoji/app/presentation/screen/import/components/ExcelImportWithValidation.kt:135:17 Cannot find a parameter with this name: row
e: file:///D:/kotlin/Cc_xiaoji/app/src/main/java/com/ccxiaoji/app/presentation/screen/import/components/ExcelImportWithValidation.kt:136:17 Cannot find a parameter with this name: message
e: file:///D:/kotlin/Cc_xiaoji/app/src/main/java/com/ccxiaoji/app/presentation/screen/import/components/ExcelImportWithValidation.kt:137:17 No value passed for parameter 'accountId'
e: file:///D:/kotlin/Cc_xiaoji/app/src/main/java/com/ccxiaoji/app/presentation/screen/import/components/ExcelImportWithValidation.kt:137:17 No value passed for parameter 'accountName'
e: file:///D:/kotlin/Cc_xiaoji/app/src/main/java/com/ccxiaoji/app/presentation/screen/import/components/ExcelImportWithValidation.kt:137:17 No value passed for parameter 'expectedBalance'
e: file:///D:/kotlin/Cc_xiaoji/app/src/main/java/com/ccxiaoji/app/presentation/screen/import/components/ExcelImportWithValidation.kt:137:17 No value passed for parameter 'actualBalance'
e: file:///D:/kotlin/Cc_xiaoji/app/src/main/java/com/ccxiaoji/app/presentation/screen/import/components/ExcelImportWithValidation.kt:137:17 No value passed for parameter 'difference'
e: file:///D:/kotlin/Cc_xiaoji/app/src/main/java/com/ccxiaoji/app/presentation/screen/import/components/ExcelImportWithValidation.kt:137:43 Unresolved reference: MINOR_DIFFERENCE
e: file:///D:/kotlin/Cc_xiaoji/app/src/main/java/com/ccxiaoji/app/presentation/screen/import/components/ExcelImportWithValidation.kt:140:9 Cannot find a parameter with this name: finalBalances
e: file:///D:/kotlin/Cc_xiaoji/app/src/main/java/com/ccxiaoji/app/presentation/screen/import/components/ExcelPreviewStep.kt:29:36 Unresolved reference: ExcelDataModule
e: file:///D:/kotlin/Cc_xiaoji/app/src/main/java/com/ccxiaoji/app/presentation/screen/import/components/ExcelPreviewStep.kt:64:28 Not enough information to infer type variable T
e: file:///D:/kotlin/Cc_xiaoji/app/src/main/java/com/ccxiaoji/app/presentation/screen/import/components/ExcelPreviewStep.kt:64:28 Property delegate must have a 'getValue(Nothing?, KProperty<*>)' method. None of the following functions is suitable: 
public inline operator fun <T> State<???>.getValue(thisObj: Any?, property: KProperty<*>): ??? defined in androidx.compose.runtime
e: file:///D:/kotlin/Cc_xiaoji/app/src/main/java/com/ccxiaoji/app/presentation/screen/import/components/ExcelPreviewStep.kt:64:39 Not enough information to infer type variable T
e: file:///D:/kotlin/Cc_xiaoji/app/src/main/java/com/ccxiaoji/app/presentation/screen/import/components/ExcelPreviewStep.kt:64:60 Unresolved reference: ExcelDataModule
e: file:///D:/kotlin/Cc_xiaoji/app/src/main/java/com/ccxiaoji/app/presentation/screen/import/components/ExcelPreviewStep.kt:73:36 Unresolved reference: ExcelDataModule
e: file:///D:/kotlin/Cc_xiaoji/app/src/main/java/com/ccxiaoji/app/presentation/screen/import/components/ExcelPreviewStep.kt:76:39 Unresolved reference: ExcelDataModule
e: file:///D:/kotlin/Cc_xiaoji/app/src/main/java/com/ccxiaoji/app/presentation/screen/import/components/ExcelPreviewStep.kt:77:39 Unresolved reference: ExcelDataModule
e: file:///D:/kotlin/Cc_xiaoji/app/src/main/java/com/ccxiaoji/app/presentation/screen/import/components/ExcelPreviewStep.kt:78:39 Unresolved reference: ExcelDataModule
e: file:///D:/kotlin/Cc_xiaoji/app/src/main/java/com/ccxiaoji/app/presentation/screen/import/components/ExcelPreviewStep.kt:79:39 Unresolved reference: ExcelDataModule
e: file:///D:/kotlin/Cc_xiaoji/app/src/main/java/com/ccxiaoji/app/presentation/screen/import/components/ExcelPreviewStep.kt:80:39 Unresolved reference: ExcelDataModule
e: file:///D:/kotlin/Cc_xiaoji/app/src/main/java/com/ccxiaoji/app/presentation/screen/import/components/ExcelPreviewStep.kt:98:37 Unresolved reference: headers
e: file:///D:/kotlin/Cc_xiaoji/app/src/main/java/com/ccxiaoji/app/presentation/screen/import/components/ExcelPreviewStep.kt:99:40 Unresolved reference: dataPreview
e: file:///D:/kotlin/Cc_xiaoji/app/src/main/java/com/ccxiaoji/app/presentation/screen/import/components/ExcelPreviewStep.kt:166:37 Overload resolution ambiguity: 
public inline fun <T> Iterable<TypeVariable(T)>.forEach(action: (TypeVariable(T)) -> Unit): Unit defined in kotlin.collections
public inline fun <K, V> Map<out TypeVariable(K), TypeVariable(V)>.forEach(action: (Map.Entry<TypeVariable(K), TypeVariable(V)>) -> Unit): Unit defined in kotlin.collections
e: file:///D:/kotlin/Cc_xiaoji/app/src/main/java/com/ccxiaoji/app/presentation/screen/import/components/ExcelPreviewStep.kt:166:47 Cannot infer a type for this parameter. Please specify it explicitly.
e: file:///D:/kotlin/Cc_xiaoji/app/src/main/java/com/ccxiaoji/app/presentation/screen/import/components/ExcelPreviewStep.kt:167:25 @Composable invocations can only happen from the context of a @Composable function
e: file:///D:/kotlin/Cc_xiaoji/app/src/main/java/com/ccxiaoji/app/presentation/screen/import/components/ExcelPreviewStep.kt:181:40 'when' expression must be exhaustive, add necessary 'else' branch
e: file:///D:/kotlin/Cc_xiaoji/app/src/main/java/com/ccxiaoji/app/presentation/screen/import/components/ExcelPreviewStep.kt:182:37 Unresolved reference: ExcelDataModule
e: file:///D:/kotlin/Cc_xiaoji/app/src/main/java/com/ccxiaoji/app/presentation/screen/import/components/ExcelPreviewStep.kt:183:37 Unresolved reference: ExcelDataModule
e: file:///D:/kotlin/Cc_xiaoji/app/src/main/java/com/ccxiaoji/app/presentation/screen/import/components/ExcelPreviewStep.kt:184:37 Unresolved reference: ExcelDataModule
e: file:///D:/kotlin/Cc_xiaoji/app/src/main/java/com/ccxiaoji/app/presentation/screen/import/components/ExcelPreviewStep.kt:185:37 Unresolved reference: ExcelDataModule
e: file:///D:/kotlin/Cc_xiaoji/app/src/main/java/com/ccxiaoji/app/presentation/screen/import/components/ExcelPreviewStep.kt:186:37 Unresolved reference: ExcelDataModule
e: file:///D:/kotlin/Cc_xiaoji/app/src/main/java/com/ccxiaoji/app/presentation/screen/import/components/ExcelPreviewStep.kt:253:25 Cannot find a parameter with this name: ignoreBalanceErrors
e: file:///D:/kotlin/Cc_xiaoji/app/src/main/java/com/ccxiaoji/app/presentation/screen/import/components/ExcelPreviewStep.kt:255:25 Cannot find a parameter with this name: columnMappings
e: file:///D:/kotlin/Cc_xiaoji/app/src/main/java/com/ccxiaoji/app/presentation/screen/import/components/ExcelPreviewStep.kt:297:46 Unresolved reference: fileName
e: file:///D:/kotlin/Cc_xiaoji/app/src/main/java/com/ccxiaoji/app/presentation/screen/import/components/ExcelPreviewStep.kt:394:35 Unresolved reference: headers
e: file:///D:/kotlin/Cc_xiaoji/app/src/main/java/com/ccxiaoji/app/presentation/screen/import/components/ExcelPreviewStep.kt:407:37 Unresolved reference: headers
e: file:///D:/kotlin/Cc_xiaoji/app/src/main/java/com/ccxiaoji/app/presentation/screen/import/components/ExcelPreviewStep.kt:408:41 Unresolved reference: dataPreview
e: file:///D:/kotlin/Cc_xiaoji/app/src/main/java/com/ccxiaoji/app/presentation/screen/import/components/ExcelPreviewStep.kt:568:36 'when' expression must be exhaustive, add necessary 'REPLACE_DUPLICATES', 'CREATE_NEW' branches or 'else' branch instead
e: file:///D:/kotlin/Cc_xiaoji/app/src/main/java/com/ccxiaoji/app/presentation/screen/import/components/ExcelPreviewStep.kt:570:47 Unresolved reference: REPLACE_EXISTING
e: file:///D:/kotlin/Cc_xiaoji/app/src/main/java/com/ccxiaoji/app/presentation/screen/import/components/ExcelPreviewStep.kt:571:47 Unresolved reference: MERGE_DATA
e: file:///D:/kotlin/Cc_xiaoji/app/src/main/java/com/ccxiaoji/app/presentation/screen/import/components/ExcelPreviewStep.kt:577:36 'when' expression must be exhaustive, add necessary 'REPLACE_DUPLICATES', 'CREATE_NEW' branches or 'else' branch instead
e: file:///D:/kotlin/Cc_xiaoji/app/src/main/java/com/ccxiaoji/app/presentation/screen/import/components/ExcelPreviewStep.kt:579:47 Unresolved reference: REPLACE_EXISTING
e: file:///D:/kotlin/Cc_xiaoji/app/src/main/java/com/ccxiaoji/app/presentation/screen/import/components/ExcelPreviewStep.kt:580:47 Unresolved reference: MERGE_DATA
e: file:///D:/kotlin/Cc_xiaoji/app/src/main/java/com/ccxiaoji/app/presentation/ui/components/ImportErrorDialog.kt:196:30 'when' expression must be exhaustive, add necessary 'CRITICAL' branch or 'else' branch instead
e: file:///D:/kotlin/Cc_xiaoji/app/src/main/java/com/ccxiaoji/app/presentation/ui/components/ImportErrorDialog.kt:199:31 Unresolved reference: INFO
e: file:///D:/kotlin/Cc_xiaoji/app/src/main/java/com/ccxiaoji/app/presentation/ui/components/ImportErrorDialog.kt:211:31 'when' expression must be exhaustive, add necessary 'CRITICAL' branch or 'else' branch instead
e: file:///D:/kotlin/Cc_xiaoji/app/src/main/java/com/ccxiaoji/app/presentation/ui/components/ImportErrorDialog.kt:214:35 Unresolved reference: INFO
e: file:///D:/kotlin/Cc_xiaoji/app/src/main/java/com/ccxiaoji/app/presentation/ui/components/ImportErrorDialog.kt:217:24 'when' expression must be exhaustive, add necessary 'CRITICAL' branch or 'else' branch instead
e: file:///D:/kotlin/Cc_xiaoji/app/src/main/java/com/ccxiaoji/app/presentation/ui/components/ImportErrorDialog.kt:220:35 Unresolved reference: INFO
e: file:///D:/kotlin/Cc_xiaoji/app/src/main/java/com/ccxiaoji/app/presentation/ui/components/ImportErrorDialog.kt:230:39 Unresolved reference: row
e: file:///D:/kotlin/Cc_xiaoji/app/src/main/java/com/ccxiaoji/app/presentation/ui/components/ImportErrorDialog.kt:230:54 Unresolved reference: column
e: file:///D:/kotlin/Cc_xiaoji/app/src/main/java/com/ccxiaoji/app/presentation/ui/components/ImportErrorDialog.kt:261:36 Unresolved reference: rowNumber
e: file:///D:/kotlin/Cc_xiaoji/app/src/main/java/com/ccxiaoji/app/presentation/ui/components/ImportErrorDialog.kt:266:31 Unresolved reference: error
e: file:///D:/kotlin/Cc_xiaoji/app/src/main/java/com/ccxiaoji/app/presentation/ui/screens/ImportPreviewScreen.kt:123:35 Type mismatch: inferred type is Map<String, List<List<String>>> but List<Map<String, Any?>> was expected
e: file:///D:/kotlin/Cc_xiaoji/app/src/main/java/com/ccxiaoji/app/presentation/ui/screens/ImportPreviewScreen.kt:224:36 Unresolved reference: fileName
e: file:///D:/kotlin/Cc_xiaoji/app/src/main/java/com/ccxiaoji/app/presentation/ui/screens/ImportPreviewScreen.kt:581:12 'when' expression must be exhaustive, add necessary 'REPLACE_DUPLICATES', 'CREATE_NEW' branches or 'else' branch instead
e: file:///D:/kotlin/Cc_xiaoji/app/src/main/java/com/ccxiaoji/app/presentation/ui/screens/ImportPreviewScreen.kt:583:23 Unresolved reference: REPLACE_EXISTING
e: file:///D:/kotlin/Cc_xiaoji/app/src/main/java/com/ccxiaoji/app/presentation/ui/screens/ImportPreviewScreen.kt:584:23 Unresolved reference: MERGE_DATA
e: file:///D:/kotlin/Cc_xiaoji/app/src/main/java/com/ccxiaoji/app/presentation/ui/screens/ImportPreviewScreen.kt:589:12 'when' expression must be exhaustive, add necessary 'REPLACE_DUPLICATES', 'CREATE_NEW' branches or 'else' branch instead
e: file:///D:/kotlin/Cc_xiaoji/app/src/main/java/com/ccxiaoji/app/presentation/ui/screens/ImportPreviewScreen.kt:591:23 Unresolved reference: REPLACE_EXISTING
e: file:///D:/kotlin/Cc_xiaoji/app/src/main/java/com/ccxiaoji/app/presentation/ui/screens/ImportPreviewScreen.kt:592:23 Unresolved reference: MERGE_DATA
e: file:///D:/kotlin/Cc_xiaoji/app/src/main/java/com/ccxiaoji/app/presentation/viewmodel/DataExportViewModel.kt:434:29 Cannot access '<init>': it is private in 'DateRange'
e: file:///D:/kotlin/Cc_xiaoji/app/src/main/java/com/ccxiaoji/app/presentation/viewmodel/DataExportViewModel.kt:434:29 Enum types cannot be instantiated
e: file:///D:/kotlin/Cc_xiaoji/app/src/main/java/com/ccxiaoji/app/presentation/viewmodel/DataExportViewModel.kt:434:29 Type mismatch: inferred type is com.ccxiaoji.app.presentation.ui.profile.DateRange but com.ccxiaoji.app.data.excel.DateRange? was expected
e: file:///D:/kotlin/Cc_xiaoji/app/src/main/java/com/ccxiaoji/app/presentation/viewmodel/DataExportViewModel.kt:435:21 Cannot find a parameter with this name: startDate
e: file:///D:/kotlin/Cc_xiaoji/app/src/main/java/com/ccxiaoji/app/presentation/viewmodel/DataExportViewModel.kt:436:21 Cannot find a parameter with this name: endDate
e: file:///D:/kotlin/Cc_xiaoji/app/src/main/java/com/ccxiaoji/app/presentation/viewmodel/DataExportViewModel.kt:467:32 'when' expression must be exhaustive, add necessary 'else' branch
e: file:///D:/kotlin/Cc_xiaoji/app/src/main/java/com/ccxiaoji/app/presentation/viewmodel/DataExportViewModel.kt:468:61 Unresolved reference: Success
e: file:///D:/kotlin/Cc_xiaoji/app/src/main/java/com/ccxiaoji/app/presentation/viewmodel/DataExportViewModel.kt:475:54 Unresolved reference: fileSize
e: file:///D:/kotlin/Cc_xiaoji/app/src/main/java/com/ccxiaoji/app/presentation/viewmodel/DataExportViewModel.kt:492:61 Unresolved reference: Error
e: file:///D:/kotlin/Cc_xiaoji/app/src/main/java/com/ccxiaoji/app/presentation/viewmodel/DataImportViewModel.kt:153:36 Comparison of incompatible enums 'ExcelImportProgress' and '[Error type: Unresolved type for ExcelImportProgress.Importing]' is always unsuccessful
e: file:///D:/kotlin/Cc_xiaoji/app/src/main/java/com/ccxiaoji/app/presentation/viewmodel/DataImportViewModel.kt:153:56 Unresolved reference: Importing
e: file:///D:/kotlin/Cc_xiaoji/app/src/main/java/com/ccxiaoji/app/presentation/viewmodel/DataImportViewModel.kt:153:78 Unresolved reference: current
e: file:///D:/kotlin/Cc_xiaoji/app/src/main/java/com/ccxiaoji/app/presentation/viewmodel/DataImportViewModel.kt:153:107 Unresolved reference: total
e: file:///D:/kotlin/Cc_xiaoji/app/src/main/java/com/ccxiaoji/app/presentation/viewmodel/DataImportViewModel.kt:154:36 Comparison of incompatible enums 'ExcelImportProgress' and '[Error type: Unresolved type for ExcelImportProgress.Completed]' is always unsuccessful
e: file:///D:/kotlin/Cc_xiaoji/app/src/main/java/com/ccxiaoji/app/presentation/viewmodel/DataImportViewModel.kt:154:56 Unresolved reference: Completed
e: file:///D:/kotlin/Cc_xiaoji/app/src/main/kotlin/com/ccxiaoji/app/data/excel/BalanceValidator.kt:25:48 Unresolved reference: validateBalance
e: file:///D:/kotlin/Cc_xiaoji/app/src/main/kotlin/com/ccxiaoji/app/data/excel/BalanceValidator.kt:29:42 Cannot infer a type for this parameter. Please specify it explicitly.
e: file:///D:/kotlin/Cc_xiaoji/app/src/main/kotlin/com/ccxiaoji/app/data/excel/BalanceValidator.kt:48:42 Unresolved reference: checkBalanceContinuity
e: file:///D:/kotlin/Cc_xiaoji/app/src/main/kotlin/com/ccxiaoji/app/data/excel/ExcelCommonTypes.kt:96:12 Redeclaration: DateRange
e: file:///D:/kotlin/Cc_xiaoji/app/src/main/kotlin/com/ccxiaoji/app/data/excel/ExcelCommonTypes.kt:102:12 Redeclaration: ExportResult
e: file:///D:/kotlin/Cc_xiaoji/app/src/main/kotlin/com/ccxiaoji/app/data/excel/ExcelManager.kt:33:23 Type mismatch: inferred type is com.ccxiaoji.app.data.excel.fastexcel.ExportResult but com.ccxiaoji.app.data.excel.ExportResult was expected
e: file:///D:/kotlin/Cc_xiaoji/app/src/main/kotlin/com/ccxiaoji/app/data/excel/ExcelManager.kt:60:12 Redeclaration: DateRange
e: file:///D:/kotlin/Cc_xiaoji/app/src/main/kotlin/com/ccxiaoji/app/data/excel/ExcelManager.kt:76:14 Redeclaration: ExportResult
e: file:///D:/kotlin/Cc_xiaoji/app/src/main/kotlin/com/ccxiaoji/app/data/excel/ExcelManager.kt:77:5 Function 'component1' generated for the data class conflicts with member of supertype 'ExportResult'
e: file:///D:/kotlin/Cc_xiaoji/app/src/main/kotlin/com/ccxiaoji/app/data/excel/ExcelManager.kt:77:5 Function 'component2' generated for the data class conflicts with member of supertype 'ExportResult'
e: file:///D:/kotlin/Cc_xiaoji/app/src/main/kotlin/com/ccxiaoji/app/data/excel/ExcelManager.kt:77:5 Function 'component3' generated for the data class conflicts with member of supertype 'ExportResult'
e: file:///D:/kotlin/Cc_xiaoji/app/src/main/kotlin/com/ccxiaoji/app/data/excel/ExcelManager.kt:81:21 No value passed for parameter 'success'
e: file:///D:/kotlin/Cc_xiaoji/app/src/main/kotlin/com/ccxiaoji/app/data/excel/ExcelManager.kt:82:5 Function 'component1' generated for the data class conflicts with member of supertype 'ExportResult'
e: file:///D:/kotlin/Cc_xiaoji/app/src/main/kotlin/com/ccxiaoji/app/data/excel/ExcelManager.kt:82:57 No value passed for parameter 'success'
e: file:///D:/kotlin/Cc_xiaoji/app/src/main/kotlin/com/ccxiaoji/app/data/excel/ExcelToStandardAdapter.kt:4:40 Unresolved reference: ImportProgress
e: file:///D:/kotlin/Cc_xiaoji/app/src/main/kotlin/com/ccxiaoji/app/data/excel/ExcelToStandardAdapter.kt:19:16 'when' expression must be exhaustive, add necessary 'IDLE', 'ANALYZING', 'READING', 'VALIDATING', 'IMPORTING', 'MODULE_COMPLETED', 'COMPLETED', ... branches or 'else' branch instead
e: file:///D:/kotlin/Cc_xiaoji/app/src/main/kotlin/com/ccxiaoji/app/data/excel/ExcelToStandardAdapter.kt:20:16 Comparison of incompatible enums 'ExcelImportProgress' and '[Error type: Unresolved type for ExcelImportProgress.Analyzing]' is always unsuccessful
e: file:///D:/kotlin/Cc_xiaoji/app/src/main/kotlin/com/ccxiaoji/app/data/excel/ExcelToStandardAdapter.kt:20:36 Unresolved reference: Analyzing
e: file:///D:/kotlin/Cc_xiaoji/app/src/main/kotlin/com/ccxiaoji/app/data/excel/ExcelToStandardAdapter.kt:21:16 Comparison of incompatible enums 'ExcelImportProgress' and '[Error type: Unresolved type for ExcelImportProgress.Importing]' is always unsuccessful
e: file:///D:/kotlin/Cc_xiaoji/app/src/main/kotlin/com/ccxiaoji/app/data/excel/ExcelToStandardAdapter.kt:21:36 Unresolved reference: Importing
e: file:///D:/kotlin/Cc_xiaoji/app/src/main/kotlin/com/ccxiaoji/app/data/excel/ExcelToStandardAdapter.kt:22:29 Unresolved reference: module
e: file:///D:/kotlin/Cc_xiaoji/app/src/main/kotlin/com/ccxiaoji/app/data/excel/ExcelToStandardAdapter.kt:22:49 Unresolved reference: current
e: file:///D:/kotlin/Cc_xiaoji/app/src/main/kotlin/com/ccxiaoji/app/data/excel/ExcelToStandardAdapter.kt:22:69 Unresolved reference: total
e: file:///D:/kotlin/Cc_xiaoji/app/src/main/kotlin/com/ccxiaoji/app/data/excel/ExcelToStandardAdapter.kt:24:16 Comparison of incompatible enums 'ExcelImportProgress' and '[Error type: Unresolved type for ExcelImportProgress.ModuleCompleted]' is always unsuccessful
e: file:///D:/kotlin/Cc_xiaoji/app/src/main/kotlin/com/ccxiaoji/app/data/excel/ExcelToStandardAdapter.kt:24:36 Unresolved reference: ModuleCompleted
e: file:///D:/kotlin/Cc_xiaoji/app/src/main/kotlin/com/ccxiaoji/app/data/excel/ExcelToStandardAdapter.kt:25:29 Unresolved reference: module
e: file:///D:/kotlin/Cc_xiaoji/app/src/main/kotlin/com/ccxiaoji/app/data/excel/ExcelToStandardAdapter.kt:27:16 Comparison of incompatible enums 'ExcelImportProgress' and '[Error type: Unresolved type for ExcelImportProgress.Completed]' is always unsuccessful
e: file:///D:/kotlin/Cc_xiaoji/app/src/main/kotlin/com/ccxiaoji/app/data/excel/ExcelToStandardAdapter.kt:27:36 Unresolved reference: Completed
e: file:///D:/kotlin/Cc_xiaoji/app/src/main/kotlin/com/ccxiaoji/app/data/excel/ExcelToStandardAdapter.kt:28:16 Comparison of incompatible enums 'ExcelImportProgress' and '[Error type: Unresolved type for ExcelImportProgress.Error]' is always unsuccessful
e: file:///D:/kotlin/Cc_xiaoji/app/src/main/kotlin/com/ccxiaoji/app/data/excel/ExcelToStandardAdapter.kt:28:36 Unresolved reference: Error
e: file:///D:/kotlin/Cc_xiaoji/app/src/main/kotlin/com/ccxiaoji/app/data/excel/ExcelToStandardAdapter.kt:28:63 Unresolved reference: error
e: file:///D:/kotlin/Cc_xiaoji/app/src/main/kotlin/com/ccxiaoji/app/data/excel/ExcelToStandardAdapter.kt:38:13 Cannot find a parameter with this name: totalCount
e: file:///D:/kotlin/Cc_xiaoji/app/src/main/kotlin/com/ccxiaoji/app/data/excel/ExcelToStandardAdapter.kt:39:13 Cannot find a parameter with this name: successCount
e: file:///D:/kotlin/Cc_xiaoji/app/src/main/kotlin/com/ccxiaoji/app/data/excel/ExcelToStandardAdapter.kt:40:13 Cannot find a parameter with this name: failureCount
e: file:///D:/kotlin/Cc_xiaoji/app/src/main/kotlin/com/ccxiaoji/app/data/excel/ExcelToStandardAdapter.kt:41:13 Cannot find a parameter with this name: warningCount
e: file:///D:/kotlin/Cc_xiaoji/app/src/main/kotlin/com/ccxiaoji/app/data/excel/ExcelToStandardAdapter.kt:42:22 Type mismatch: inferred type is Unit but ImportError was expected
e: file:///D:/kotlin/Cc_xiaoji/app/src/main/kotlin/com/ccxiaoji/app/data/excel/ExcelToStandardAdapter.kt:43:30 Unresolved reference: ImportError
e: file:///D:/kotlin/Cc_xiaoji/app/src/main/kotlin/com/ccxiaoji/app/data/excel/ExcelToStandardAdapter.kt:52:13 Cannot find a parameter with this name: importedData
e: file:///D:/kotlin/Cc_xiaoji/app/src/main/kotlin/com/ccxiaoji/app/data/excel/ExcelToStandardAdapter.kt:52:13 No value passed for parameter 'totalItems'
e: file:///D:/kotlin/Cc_xiaoji/app/src/main/kotlin/com/ccxiaoji/app/data/excel/ExcelToStandardAdapter.kt:52:13 No value passed for parameter 'importedItems'
e: file:///D:/kotlin/Cc_xiaoji/app/src/main/kotlin/com/ccxiaoji/app/data/excel/ExcelToStandardAdapter.kt:52:13 No value passed for parameter 'skippedItems'
e: file:///D:/kotlin/Cc_xiaoji/app/src/main/kotlin/com/ccxiaoji/app/data/excel/ExcelToStandardAdapter.kt:52:13 No value passed for parameter 'moduleResults'
e: file:///D:/kotlin/Cc_xiaoji/app/src/main/kotlin/com/ccxiaoji/app/data/excel/ImportManagerAdapter.kt:35:46 Unresolved reference: readExcelStructure
e: file:///D:/kotlin/Cc_xiaoji/app/src/main/kotlin/com/ccxiaoji/app/data/excel/ImportManagerAdapter.kt:37:43 Cannot infer a type for this parameter. Please specify it explicitly.
e: file:///D:/kotlin/Cc_xiaoji/app/src/main/kotlin/com/ccxiaoji/app/data/excel/ImportManagerAdapter.kt:45:48 Unresolved reference: it
e: file:///D:/kotlin/Cc_xiaoji/app/src/main/kotlin/com/ccxiaoji/app/data/excel/ImportManagerAdapter.kt:64:44 Unresolved reference: Analyzing
e: file:///D:/kotlin/Cc_xiaoji/app/src/main/kotlin/com/ccxiaoji/app/data/excel/ImportManagerAdapter.kt:67:71 Unresolved reference: ImportOptions
e: file:///D:/kotlin/Cc_xiaoji/app/src/main/kotlin/com/ccxiaoji/app/data/excel/ImportManagerAdapter.kt:84:25 Cannot find a parameter with this name: selectedModules
e: file:///D:/kotlin/Cc_xiaoji/app/src/main/kotlin/com/ccxiaoji/app/data/excel/ImportManagerAdapter.kt:84:67 Not enough information to infer type variable R
e: file:///D:/kotlin/Cc_xiaoji/app/src/main/kotlin/com/ccxiaoji/app/data/excel/ImportManagerAdapter.kt:85:29 'when' expression must be exhaustive, add necessary 'TASKS', 'HABITS', 'TRANSACTIONS', 'ACCOUNTS', 'CATEGORIES' branches or 'else' branch instead
e: file:///D:/kotlin/Cc_xiaoji/app/src/main/kotlin/com/ccxiaoji/app/data/excel/ImportManagerAdapter.kt:86:33 Unresolved reference: ExcelDataModule
e: file:///D:/kotlin/Cc_xiaoji/app/src/main/kotlin/com/ccxiaoji/app/data/excel/ImportManagerAdapter.kt:86:33 Comparison of incompatible enums 'ExcelDataModule' and '[Error type: Error property type]' is always unsuccessful
e: file:///D:/kotlin/Cc_xiaoji/app/src/main/kotlin/com/ccxiaoji/app/data/excel/ImportManagerAdapter.kt:86:103 Unresolved reference: ImportModule
e: file:///D:/kotlin/Cc_xiaoji/app/src/main/kotlin/com/ccxiaoji/app/data/excel/ImportManagerAdapter.kt:87:33 Unresolved reference: ExcelDataModule
e: file:///D:/kotlin/Cc_xiaoji/app/src/main/kotlin/com/ccxiaoji/app/data/excel/ImportManagerAdapter.kt:87:33 Comparison of incompatible enums 'ExcelDataModule' and '[Error type: Error property type]' is always unsuccessful
e: file:///D:/kotlin/Cc_xiaoji/app/src/main/kotlin/com/ccxiaoji/app/data/excel/ImportManagerAdapter.kt:87:99 Unresolved reference: ImportModule
e: file:///D:/kotlin/Cc_xiaoji/app/src/main/kotlin/com/ccxiaoji/app/data/excel/ImportManagerAdapter.kt:88:33 Unresolved reference: ExcelDataModule
e: file:///D:/kotlin/Cc_xiaoji/app/src/main/kotlin/com/ccxiaoji/app/data/excel/ImportManagerAdapter.kt:88:33 Comparison of incompatible enums 'ExcelDataModule' and '[Error type: Error property type]' is always unsuccessful
e: file:///D:/kotlin/Cc_xiaoji/app/src/main/kotlin/com/ccxiaoji/app/data/excel/ImportManagerAdapter.kt:88:101 Unresolved reference: ImportModule
e: file:///D:/kotlin/Cc_xiaoji/app/src/main/kotlin/com/ccxiaoji/app/data/excel/ImportManagerAdapter.kt:89:33 Unresolved reference: ExcelDataModule
e: file:///D:/kotlin/Cc_xiaoji/app/src/main/kotlin/com/ccxiaoji/app/data/excel/ImportManagerAdapter.kt:89:33 Comparison of incompatible enums 'ExcelDataModule' and '[Error type: Error property type]' is always unsuccessful
e: file:///D:/kotlin/Cc_xiaoji/app/src/main/kotlin/com/ccxiaoji/app/data/excel/ImportManagerAdapter.kt:89:98 Unresolved reference: ImportModule
e: file:///D:/kotlin/Cc_xiaoji/app/src/main/kotlin/com/ccxiaoji/app/data/excel/ImportManagerAdapter.kt:90:33 Unresolved reference: ExcelDataModule
e: file:///D:/kotlin/Cc_xiaoji/app/src/main/kotlin/com/ccxiaoji/app/data/excel/ImportManagerAdapter.kt:90:33 Comparison of incompatible enums 'ExcelDataModule' and '[Error type: Error property type]' is always unsuccessful
e: file:///D:/kotlin/Cc_xiaoji/app/src/main/kotlin/com/ccxiaoji/app/data/excel/ImportManagerAdapter.kt:90:96 Unresolved reference: ImportModule
e: file:///D:/kotlin/Cc_xiaoji/app/src/main/kotlin/com/ccxiaoji/app/data/excel/ImportManagerAdapter.kt:93:25 Cannot find a parameter with this name: skipExisting
e: file:///D:/kotlin/Cc_xiaoji/app/src/main/kotlin/com/ccxiaoji/app/data/excel/ImportManagerAdapter.kt:93:48 Unresolved reference: skipExisting
e: file:///D:/kotlin/Cc_xiaoji/app/src/main/kotlin/com/ccxiaoji/app/data/excel/ImportManagerAdapter.kt:94:25 Cannot find a parameter with this name: dateRange
e: file:///D:/kotlin/Cc_xiaoji/app/src/main/kotlin/com/ccxiaoji/app/data/excel/ImportManagerAdapter.kt:94:45 Unresolved reference: dateRange
e: file:///D:/kotlin/Cc_xiaoji/app/src/main/kotlin/com/ccxiaoji/app/data/excel/ImportManagerAdapter.kt:96:34 Type mismatch: inferred type is (Float, Any?) -> Unit but (Float) -> Unit was expected
e: file:///D:/kotlin/Cc_xiaoji/app/src/main/kotlin/com/ccxiaoji/app/data/excel/ImportManagerAdapter.kt:96:36 Expected one parameter of type Float
e: file:///D:/kotlin/Cc_xiaoji/app/src/main/kotlin/com/ccxiaoji/app/data/excel/ImportManagerAdapter.kt:96:45 Cannot infer a type for this parameter. Please specify it explicitly.
e: file:///D:/kotlin/Cc_xiaoji/app/src/main/kotlin/com/ccxiaoji/app/data/excel/ImportManagerAdapter.kt:97:56 Unresolved reference: Importing
e: file:///D:/kotlin/Cc_xiaoji/app/src/main/kotlin/com/ccxiaoji/app/data/excel/ImportManagerAdapter.kt:102:45 Unresolved reference: totalRecords
e: file:///D:/kotlin/Cc_xiaoji/app/src/main/kotlin/com/ccxiaoji/app/data/excel/ImportManagerAdapter.kt:103:45 Unresolved reference: successCount
e: file:///D:/kotlin/Cc_xiaoji/app/src/main/kotlin/com/ccxiaoji/app/data/excel/ImportManagerAdapter.kt:104:43 Unresolved reference: failedRecords
e: file:///D:/kotlin/Cc_xiaoji/app/src/main/kotlin/com/ccxiaoji/app/data/excel/ImportManagerAdapter.kt:107:30 Unresolved reference: moduleResults
e: file:///D:/kotlin/Cc_xiaoji/app/src/main/kotlin/com/ccxiaoji/app/data/excel/ImportManagerAdapter.kt:107:44 Overload resolution ambiguity: 
public inline fun <T> Iterable<TypeVariable(T)>.forEach(action: (TypeVariable(T)) -> Unit): Unit defined in kotlin.collections
public inline fun <K, V> Map<out TypeVariable(K), TypeVariable(V)>.forEach(action: (Map.Entry<TypeVariable(K), TypeVariable(V)>) -> Unit): Unit defined in kotlin.collections
e: file:///D:/kotlin/Cc_xiaoji/app/src/main/kotlin/com/ccxiaoji/app/data/excel/ImportManagerAdapter.kt:107:54 Cannot infer a type for this parameter. Please specify it explicitly.
e: file:///D:/kotlin/Cc_xiaoji/app/src/main/kotlin/com/ccxiaoji/app/data/excel/ImportManagerAdapter.kt:108:39 'when' expression must be exhaustive, add necessary 'else' branch
e: file:///D:/kotlin/Cc_xiaoji/app/src/main/kotlin/com/ccxiaoji/app/data/excel/ImportManagerAdapter.kt:109:63 Unresolved reference: ImportModule
e: file:///D:/kotlin/Cc_xiaoji/app/src/main/kotlin/com/ccxiaoji/app/data/excel/ImportManagerAdapter.kt:109:92 Unresolved reference: ExcelDataModule
e: file:///D:/kotlin/Cc_xiaoji/app/src/main/kotlin/com/ccxiaoji/app/data/excel/ImportManagerAdapter.kt:110:63 Unresolved reference: ImportModule
e: file:///D:/kotlin/Cc_xiaoji/app/src/main/kotlin/com/ccxiaoji/app/data/excel/ImportManagerAdapter.kt:110:88 Unresolved reference: ExcelDataModule
e: file:///D:/kotlin/Cc_xiaoji/app/src/main/kotlin/com/ccxiaoji/app/data/excel/ImportManagerAdapter.kt:111:63 Unresolved reference: ImportModule
e: file:///D:/kotlin/Cc_xiaoji/app/src/main/kotlin/com/ccxiaoji/app/data/excel/ImportManagerAdapter.kt:111:90 Unresolved reference: ExcelDataModule
e: file:///D:/kotlin/Cc_xiaoji/app/src/main/kotlin/com/ccxiaoji/app/data/excel/ImportManagerAdapter.kt:112:63 Unresolved reference: ImportModule
e: file:///D:/kotlin/Cc_xiaoji/app/src/main/kotlin/com/ccxiaoji/app/data/excel/ImportManagerAdapter.kt:112:87 Unresolved reference: ExcelDataModule
e: file:///D:/kotlin/Cc_xiaoji/app/src/main/kotlin/com/ccxiaoji/app/data/excel/ImportManagerAdapter.kt:113:63 Unresolved reference: ImportModule
e: file:///D:/kotlin/Cc_xiaoji/app/src/main/kotlin/com/ccxiaoji/app/data/excel/ImportManagerAdapter.kt:113:85 Unresolved reference: ExcelDataModule
e: file:///D:/kotlin/Cc_xiaoji/app/src/main/kotlin/com/ccxiaoji/app/data/excel/ImportManagerAdapter.kt:116:25 Cannot find a parameter with this name: moduleName
e: file:///D:/kotlin/Cc_xiaoji/app/src/main/kotlin/com/ccxiaoji/app/data/excel/ImportManagerAdapter.kt:117:25 Cannot find a parameter with this name: totalCount
e: file:///D:/kotlin/Cc_xiaoji/app/src/main/kotlin/com/ccxiaoji/app/data/excel/ImportManagerAdapter.kt:118:25 Cannot find a parameter with this name: successCount
e: file:///D:/kotlin/Cc_xiaoji/app/src/main/kotlin/com/ccxiaoji/app/data/excel/ImportManagerAdapter.kt:119:25 Cannot find a parameter with this name: errorCount
e: file:///D:/kotlin/Cc_xiaoji/app/src/main/kotlin/com/ccxiaoji/app/data/excel/ImportManagerAdapter.kt:120:25 No value passed for parameter 'module'
e: file:///D:/kotlin/Cc_xiaoji/app/src/main/kotlin/com/ccxiaoji/app/data/excel/ImportManagerAdapter.kt:120:25 No value passed for parameter 'totalRows'
e: file:///D:/kotlin/Cc_xiaoji/app/src/main/kotlin/com/ccxiaoji/app/data/excel/ImportManagerAdapter.kt:120:25 No value passed for parameter 'importedRows'
e: file:///D:/kotlin/Cc_xiaoji/app/src/main/kotlin/com/ccxiaoji/app/data/excel/ImportManagerAdapter.kt:120:25 No value passed for parameter 'skippedRows'
e: file:///D:/kotlin/Cc_xiaoji/app/src/main/kotlin/com/ccxiaoji/app/data/excel/ImportManagerAdapter.kt:125:44 Unresolved reference: Completed
e: file:///D:/kotlin/Cc_xiaoji/app/src/main/kotlin/com/ccxiaoji/app/data/excel/fastexcel/FastExcelAdapter.kt:29:9 'public' function exposes its 'public/*package*/' parameter type Style
e: file:///D:/kotlin/Cc_xiaoji/app/src/main/kotlin/com/ccxiaoji/app/data/excel/fastexcel/FastExcelAdapter.kt:29:16 Cannot access 'Style': it is package-private in 'org.dhatim.fastexcel'
e: file:///D:/kotlin/Cc_xiaoji/app/src/main/kotlin/com/ccxiaoji/app/data/excel/fastexcel/FastExcelAdapter.kt:43:43 Type mismatch: inferred type is Style but ConditionalFormattingRule! was expected
e: file:///D:/kotlin/Cc_xiaoji/app/src/main/kotlin/com/ccxiaoji/app/data/excel/fastexcel/FastExcelAdapter.kt:78:9 'public' function exposes its 'public/*package*/' parameter type Style
e: file:///D:/kotlin/Cc_xiaoji/app/src/main/kotlin/com/ccxiaoji/app/data/excel/fastexcel/FastExcelAdapter.kt:78:16 Cannot access 'Style': it is package-private in 'org.dhatim.fastexcel'
e: file:///D:/kotlin/Cc_xiaoji/app/src/main/kotlin/com/ccxiaoji/app/data/excel/fastexcel/FastExcelAdapter.kt:120:9 'public' function exposes its 'public/*package*/' parameter type Style
e: file:///D:/kotlin/Cc_xiaoji/app/src/main/kotlin/com/ccxiaoji/app/data/excel/fastexcel/FastExcelAdapter.kt:120:16 Cannot access 'Style': it is package-private in 'org.dhatim.fastexcel'
e: file:///D:/kotlin/Cc_xiaoji/app/src/main/kotlin/com/ccxiaoji/app/data/excel/fastexcel/FastExcelAdapter.kt:180:19 Unresolved reference: height
e: file:///D:/kotlin/Cc_xiaoji/app/src/main/kotlin/com/ccxiaoji/app/data/excel/fastexcel/FastExcelBalanceValidator.kt:65:21 'break' and 'continue' are only allowed inside a loop
e: file:///D:/kotlin/Cc_xiaoji/app/src/main/kotlin/com/ccxiaoji/app/data/excel/fastexcel/FastExcelBatchWriter.kt:284:21 Overload resolution ambiguity: 
public final fun writeCell(worksheet: Worksheet, row: Int, col: Int, value: Any?, styleConfig: ExcelStyleConfig? = ...): Unit defined in com.ccxiaoji.app.data.excel.fastexcel.FastExcelAdapter
public final fun writeCell(worksheet: Worksheet, row: Int, col: Int, value: Any?, style: Style? = ...): Unit defined in com.ccxiaoji.app.data.excel.fastexcel.FastExcelAdapter
e: file:///D:/kotlin/Cc_xiaoji/app/src/main/kotlin/com/ccxiaoji/app/data/excel/fastexcel/FastExcelBatchWriter.kt:285:21 Overload resolution ambiguity: 
public final fun writeCell(worksheet: Worksheet, row: Int, col: Int, value: Any?, styleConfig: ExcelStyleConfig? = ...): Unit defined in com.ccxiaoji.app.data.excel.fastexcel.FastExcelAdapter
public final fun writeCell(worksheet: Worksheet, row: Int, col: Int, value: Any?, style: Style? = ...): Unit defined in com.ccxiaoji.app.data.excel.fastexcel.FastExcelAdapter
e: file:///D:/kotlin/Cc_xiaoji/app/src/main/kotlin/com/ccxiaoji/app/data/excel/fastexcel/FastExcelBatchWriter.kt:286:21 Overload resolution ambiguity: 
public final fun writeCell(worksheet: Worksheet, row: Int, col: Int, value: Any?, styleConfig: ExcelStyleConfig? = ...): Unit defined in com.ccxiaoji.app.data.excel.fastexcel.FastExcelAdapter
public final fun writeCell(worksheet: Worksheet, row: Int, col: Int, value: Any?, style: Style? = ...): Unit defined in com.ccxiaoji.app.data.excel.fastexcel.FastExcelAdapter
e: file:///D:/kotlin/Cc_xiaoji/app/src/main/kotlin/com/ccxiaoji/app/data/excel/fastexcel/FastExcelBatchWriter.kt:287:21 Overload resolution ambiguity: 
public final fun writeCell(worksheet: Worksheet, row: Int, col: Int, value: Any?, styleConfig: ExcelStyleConfig? = ...): Unit defined in com.ccxiaoji.app.data.excel.fastexcel.FastExcelAdapter
public final fun writeCell(worksheet: Worksheet, row: Int, col: Int, value: Any?, style: Style? = ...): Unit defined in com.ccxiaoji.app.data.excel.fastexcel.FastExcelAdapter
e: file:///D:/kotlin/Cc_xiaoji/app/src/main/kotlin/com/ccxiaoji/app/data/excel/fastexcel/FastExcelBatchWriter.kt:291:25 Overload resolution ambiguity: 
public final fun writeCell(worksheet: Worksheet, row: Int, col: Int, value: Any?, styleConfig: ExcelStyleConfig? = ...): Unit defined in com.ccxiaoji.app.data.excel.fastexcel.FastExcelAdapter
public final fun writeCell(worksheet: Worksheet, row: Int, col: Int, value: Any?, style: Style? = ...): Unit defined in com.ccxiaoji.app.data.excel.fastexcel.FastExcelAdapter
e: file:///D:/kotlin/Cc_xiaoji/app/src/main/kotlin/com/ccxiaoji/app/data/excel/fastexcel/FastExcelBatchWriter.kt:292:25 Overload resolution ambiguity: 
public final fun writeCell(worksheet: Worksheet, row: Int, col: Int, value: Any?, styleConfig: ExcelStyleConfig? = ...): Unit defined in com.ccxiaoji.app.data.excel.fastexcel.FastExcelAdapter
public final fun writeCell(worksheet: Worksheet, row: Int, col: Int, value: Any?, style: Style? = ...): Unit defined in com.ccxiaoji.app.data.excel.fastexcel.FastExcelAdapter
e: file:///D:/kotlin/Cc_xiaoji/app/src/main/kotlin/com/ccxiaoji/app/data/excel/fastexcel/FastExcelBatchWriter.kt:294:25 Overload resolution ambiguity: 
public final fun writeCell(worksheet: Worksheet, row: Int, col: Int, value: Any?, styleConfig: ExcelStyleConfig? = ...): Unit defined in com.ccxiaoji.app.data.excel.fastexcel.FastExcelAdapter
public final fun writeCell(worksheet: Worksheet, row: Int, col: Int, value: Any?, style: Style? = ...): Unit defined in com.ccxiaoji.app.data.excel.fastexcel.FastExcelAdapter
e: file:///D:/kotlin/Cc_xiaoji/app/src/main/kotlin/com/ccxiaoji/app/data/excel/fastexcel/FastExcelBatchWriter.kt:295:25 Overload resolution ambiguity: 
public final fun writeCell(worksheet: Worksheet, row: Int, col: Int, value: Any?, styleConfig: ExcelStyleConfig? = ...): Unit defined in com.ccxiaoji.app.data.excel.fastexcel.FastExcelAdapter
public final fun writeCell(worksheet: Worksheet, row: Int, col: Int, value: Any?, style: Style? = ...): Unit defined in com.ccxiaoji.app.data.excel.fastexcel.FastExcelAdapter
e: file:///D:/kotlin/Cc_xiaoji/app/src/main/kotlin/com/ccxiaoji/app/data/excel/fastexcel/FastExcelBatchWriter.kt:298:21 Overload resolution ambiguity: 
public final fun writeCell(worksheet: Worksheet, row: Int, col: Int, value: Any?, styleConfig: ExcelStyleConfig? = ...): Unit defined in com.ccxiaoji.app.data.excel.fastexcel.FastExcelAdapter
public final fun writeCell(worksheet: Worksheet, row: Int, col: Int, value: Any?, style: Style? = ...): Unit defined in com.ccxiaoji.app.data.excel.fastexcel.FastExcelAdapter
e: file:///D:/kotlin/Cc_xiaoji/app/src/main/kotlin/com/ccxiaoji/app/data/excel/fastexcel/FastExcelBatchWriter.kt:299:21 Overload resolution ambiguity: 
public final fun writeCell(worksheet: Worksheet, row: Int, col: Int, value: Any?, styleConfig: ExcelStyleConfig? = ...): Unit defined in com.ccxiaoji.app.data.excel.fastexcel.FastExcelAdapter
public final fun writeCell(worksheet: Worksheet, row: Int, col: Int, value: Any?, style: Style? = ...): Unit defined in com.ccxiaoji.app.data.excel.fastexcel.FastExcelAdapter
e: file:///D:/kotlin/Cc_xiaoji/app/src/main/kotlin/com/ccxiaoji/app/data/excel/fastexcel/FastExcelBatchWriter.kt:300:21 Overload resolution ambiguity: 
public final fun writeCell(worksheet: Worksheet, row: Int, col: Int, value: Any?, styleConfig: ExcelStyleConfig? = ...): Unit defined in com.ccxiaoji.app.data.excel.fastexcel.FastExcelAdapter
public final fun writeCell(worksheet: Worksheet, row: Int, col: Int, value: Any?, style: Style? = ...): Unit defined in com.ccxiaoji.app.data.excel.fastexcel.FastExcelAdapter
e: file:///D:/kotlin/Cc_xiaoji/app/src/main/kotlin/com/ccxiaoji/app/data/excel/fastexcel/FastExcelBatchWriter.kt:301:21 Overload resolution ambiguity: 
public final fun writeCell(worksheet: Worksheet, row: Int, col: Int, value: Any?, styleConfig: ExcelStyleConfig? = ...): Unit defined in com.ccxiaoji.app.data.excel.fastexcel.FastExcelAdapter
public final fun writeCell(worksheet: Worksheet, row: Int, col: Int, value: Any?, style: Style? = ...): Unit defined in com.ccxiaoji.app.data.excel.fastexcel.FastExcelAdapter
e: file:///D:/kotlin/Cc_xiaoji/app/src/main/kotlin/com/ccxiaoji/app/data/excel/fastexcel/FastExcelBatchWriter.kt:302:21 Overload resolution ambiguity: 
public final fun writeCell(worksheet: Worksheet, row: Int, col: Int, value: Any?, styleConfig: ExcelStyleConfig? = ...): Unit defined in com.ccxiaoji.app.data.excel.fastexcel.FastExcelAdapter
public final fun writeCell(worksheet: Worksheet, row: Int, col: Int, value: Any?, style: Style? = ...): Unit defined in com.ccxiaoji.app.data.excel.fastexcel.FastExcelAdapter
e: file:///D:/kotlin/Cc_xiaoji/app/src/main/kotlin/com/ccxiaoji/app/data/excel/fastexcel/FastExcelBatchWriter.kt:317:21 Overload resolution ambiguity: 
public final fun writeCell(worksheet: Worksheet, row: Int, col: Int, value: Any?, styleConfig: ExcelStyleConfig? = ...): Unit defined in com.ccxiaoji.app.data.excel.fastexcel.FastExcelAdapter
public final fun writeCell(worksheet: Worksheet, row: Int, col: Int, value: Any?, style: Style? = ...): Unit defined in com.ccxiaoji.app.data.excel.fastexcel.FastExcelAdapter
e: file:///D:/kotlin/Cc_xiaoji/app/src/main/kotlin/com/ccxiaoji/app/data/excel/fastexcel/FastExcelBatchWriter.kt:318:21 Overload resolution ambiguity: 
public final fun writeCell(worksheet: Worksheet, row: Int, col: Int, value: Any?, styleConfig: ExcelStyleConfig? = ...): Unit defined in com.ccxiaoji.app.data.excel.fastexcel.FastExcelAdapter
public final fun writeCell(worksheet: Worksheet, row: Int, col: Int, value: Any?, style: Style? = ...): Unit defined in com.ccxiaoji.app.data.excel.fastexcel.FastExcelAdapter
e: file:///D:/kotlin/Cc_xiaoji/app/src/main/kotlin/com/ccxiaoji/app/data/excel/fastexcel/FastExcelBatchWriter.kt:319:21 Overload resolution ambiguity: 
public final fun writeCell(worksheet: Worksheet, row: Int, col: Int, value: Any?, styleConfig: ExcelStyleConfig? = ...): Unit defined in com.ccxiaoji.app.data.excel.fastexcel.FastExcelAdapter
public final fun writeCell(worksheet: Worksheet, row: Int, col: Int, value: Any?, style: Style? = ...): Unit defined in com.ccxiaoji.app.data.excel.fastexcel.FastExcelAdapter
e: file:///D:/kotlin/Cc_xiaoji/app/src/main/kotlin/com/ccxiaoji/app/data/excel/fastexcel/FastExcelBatchWriter.kt:320:21 Overload resolution ambiguity: 
public final fun writeCell(worksheet: Worksheet, row: Int, col: Int, value: Any?, styleConfig: ExcelStyleConfig? = ...): Unit defined in com.ccxiaoji.app.data.excel.fastexcel.FastExcelAdapter
public final fun writeCell(worksheet: Worksheet, row: Int, col: Int, value: Any?, style: Style? = ...): Unit defined in com.ccxiaoji.app.data.excel.fastexcel.FastExcelAdapter
e: file:///D:/kotlin/Cc_xiaoji/app/src/main/kotlin/com/ccxiaoji/app/data/excel/fastexcel/FastExcelBatchWriter.kt:321:21 Overload resolution ambiguity: 
public final fun writeCell(worksheet: Worksheet, row: Int, col: Int, value: Any?, styleConfig: ExcelStyleConfig? = ...): Unit defined in com.ccxiaoji.app.data.excel.fastexcel.FastExcelAdapter
public final fun writeCell(worksheet: Worksheet, row: Int, col: Int, value: Any?, style: Style? = ...): Unit defined in com.ccxiaoji.app.data.excel.fastexcel.FastExcelAdapter
e: file:///D:/kotlin/Cc_xiaoji/app/src/main/kotlin/com/ccxiaoji/app/data/excel/fastexcel/FastExcelBatchWriter.kt:322:21 Overload resolution ambiguity: 
public final fun writeCell(worksheet: Worksheet, row: Int, col: Int, value: Any?, styleConfig: ExcelStyleConfig? = ...): Unit defined in com.ccxiaoji.app.data.excel.fastexcel.FastExcelAdapter
public final fun writeCell(worksheet: Worksheet, row: Int, col: Int, value: Any?, style: Style? = ...): Unit defined in com.ccxiaoji.app.data.excel.fastexcel.FastExcelAdapter
e: file:///D:/kotlin/Cc_xiaoji/app/src/main/kotlin/com/ccxiaoji/app/data/excel/fastexcel/FastExcelBatchWriter.kt:323:21 Overload resolution ambiguity: 
public final fun writeCell(worksheet: Worksheet, row: Int, col: Int, value: Any?, styleConfig: ExcelStyleConfig? = ...): Unit defined in com.ccxiaoji.app.data.excel.fastexcel.FastExcelAdapter
public final fun writeCell(worksheet: Worksheet, row: Int, col: Int, value: Any?, style: Style? = ...): Unit defined in com.ccxiaoji.app.data.excel.fastexcel.FastExcelAdapter
e: file:///D:/kotlin/Cc_xiaoji/app/src/main/kotlin/com/ccxiaoji/app/data/excel/fastexcel/FastExcelBatchWriter.kt:324:21 Overload resolution ambiguity: 
public final fun writeCell(worksheet: Worksheet, row: Int, col: Int, value: Any?, styleConfig: ExcelStyleConfig? = ...): Unit defined in com.ccxiaoji.app.data.excel.fastexcel.FastExcelAdapter
public final fun writeCell(worksheet: Worksheet, row: Int, col: Int, value: Any?, style: Style? = ...): Unit defined in com.ccxiaoji.app.data.excel.fastexcel.FastExcelAdapter
e: file:///D:/kotlin/Cc_xiaoji/app/src/main/kotlin/com/ccxiaoji/app/data/excel/fastexcel/FastExcelBatchWriter.kt:339:21 Overload resolution ambiguity: 
public final fun writeCell(worksheet: Worksheet, row: Int, col: Int, value: Any?, styleConfig: ExcelStyleConfig? = ...): Unit defined in com.ccxiaoji.app.data.excel.fastexcel.FastExcelAdapter
public final fun writeCell(worksheet: Worksheet, row: Int, col: Int, value: Any?, style: Style? = ...): Unit defined in com.ccxiaoji.app.data.excel.fastexcel.FastExcelAdapter
e: file:///D:/kotlin/Cc_xiaoji/app/src/main/kotlin/com/ccxiaoji/app/data/excel/fastexcel/FastExcelBatchWriter.kt:340:21 Overload resolution ambiguity: 
public final fun writeCell(worksheet: Worksheet, row: Int, col: Int, value: Any?, styleConfig: ExcelStyleConfig? = ...): Unit defined in com.ccxiaoji.app.data.excel.fastexcel.FastExcelAdapter
public final fun writeCell(worksheet: Worksheet, row: Int, col: Int, value: Any?, style: Style? = ...): Unit defined in com.ccxiaoji.app.data.excel.fastexcel.FastExcelAdapter
e: file:///D:/kotlin/Cc_xiaoji/app/src/main/kotlin/com/ccxiaoji/app/data/excel/fastexcel/FastExcelBatchWriter.kt:341:21 Overload resolution ambiguity: 
public final fun writeCell(worksheet: Worksheet, row: Int, col: Int, value: Any?, styleConfig: ExcelStyleConfig? = ...): Unit defined in com.ccxiaoji.app.data.excel.fastexcel.FastExcelAdapter
public final fun writeCell(worksheet: Worksheet, row: Int, col: Int, value: Any?, style: Style? = ...): Unit defined in com.ccxiaoji.app.data.excel.fastexcel.FastExcelAdapter
e: file:///D:/kotlin/Cc_xiaoji/app/src/main/kotlin/com/ccxiaoji/app/data/excel/fastexcel/FastExcelBatchWriter.kt:342:21 Overload resolution ambiguity: 
public final fun writeCell(worksheet: Worksheet, row: Int, col: Int, value: Any?, styleConfig: ExcelStyleConfig? = ...): Unit defined in com.ccxiaoji.app.data.excel.fastexcel.FastExcelAdapter
public final fun writeCell(worksheet: Worksheet, row: Int, col: Int, value: Any?, style: Style? = ...): Unit defined in com.ccxiaoji.app.data.excel.fastexcel.FastExcelAdapter
e: file:///D:/kotlin/Cc_xiaoji/app/src/main/kotlin/com/ccxiaoji/app/data/excel/fastexcel/FastExcelBatchWriter.kt:343:21 Overload resolution ambiguity: 
public final fun writeCell(worksheet: Worksheet, row: Int, col: Int, value: Any?, styleConfig: ExcelStyleConfig? = ...): Unit defined in com.ccxiaoji.app.data.excel.fastexcel.FastExcelAdapter
public final fun writeCell(worksheet: Worksheet, row: Int, col: Int, value: Any?, style: Style? = ...): Unit defined in com.ccxiaoji.app.data.excel.fastexcel.FastExcelAdapter
e: file:///D:/kotlin/Cc_xiaoji/app/src/main/kotlin/com/ccxiaoji/app/data/excel/fastexcel/FastExcelBatchWriter.kt:344:21 Overload resolution ambiguity: 
public final fun writeCell(worksheet: Worksheet, row: Int, col: Int, value: Any?, styleConfig: ExcelStyleConfig? = ...): Unit defined in com.ccxiaoji.app.data.excel.fastexcel.FastExcelAdapter
public final fun writeCell(worksheet: Worksheet, row: Int, col: Int, value: Any?, style: Style? = ...): Unit defined in com.ccxiaoji.app.data.excel.fastexcel.FastExcelAdapter
e: file:///D:/kotlin/Cc_xiaoji/app/src/main/kotlin/com/ccxiaoji/app/data/excel/fastexcel/FastExcelBatchWriter.kt:345:21 Overload resolution ambiguity: 
public final fun writeCell(worksheet: Worksheet, row: Int, col: Int, value: Any?, styleConfig: ExcelStyleConfig? = ...): Unit defined in com.ccxiaoji.app.data.excel.fastexcel.FastExcelAdapter
public final fun writeCell(worksheet: Worksheet, row: Int, col: Int, value: Any?, style: Style? = ...): Unit defined in com.ccxiaoji.app.data.excel.fastexcel.FastExcelAdapter
e: file:///D:/kotlin/Cc_xiaoji/app/src/main/kotlin/com/ccxiaoji/app/data/excel/fastexcel/FastExcelBatchWriter.kt:353:21 Overload resolution ambiguity: 
public final fun writeCell(worksheet: Worksheet, row: Int, col: Int, value: Any?, styleConfig: ExcelStyleConfig? = ...): Unit defined in com.ccxiaoji.app.data.excel.fastexcel.FastExcelAdapter
public final fun writeCell(worksheet: Worksheet, row: Int, col: Int, value: Any?, style: Style? = ...): Unit defined in com.ccxiaoji.app.data.excel.fastexcel.FastExcelAdapter
e: file:///D:/kotlin/Cc_xiaoji/app/src/main/kotlin/com/ccxiaoji/app/data/excel/fastexcel/FastExcelBatchWriter.kt:355:21 Overload resolution ambiguity: 
public final fun writeCell(worksheet: Worksheet, row: Int, col: Int, value: Any?, styleConfig: ExcelStyleConfig? = ...): Unit defined in com.ccxiaoji.app.data.excel.fastexcel.FastExcelAdapter
public final fun writeCell(worksheet: Worksheet, row: Int, col: Int, value: Any?, style: Style? = ...): Unit defined in com.ccxiaoji.app.data.excel.fastexcel.FastExcelAdapter
e: file:///D:/kotlin/Cc_xiaoji/app/src/main/kotlin/com/ccxiaoji/app/data/excel/fastexcel/FastExcelBatchWriter.kt:356:21 Overload resolution ambiguity: 
public final fun writeCell(worksheet: Worksheet, row: Int, col: Int, value: Any?, styleConfig: ExcelStyleConfig? = ...): Unit defined in com.ccxiaoji.app.data.excel.fastexcel.FastExcelAdapter
public final fun writeCell(worksheet: Worksheet, row: Int, col: Int, value: Any?, style: Style? = ...): Unit defined in com.ccxiaoji.app.data.excel.fastexcel.FastExcelAdapter
e: file:///D:/kotlin/Cc_xiaoji/app/src/main/kotlin/com/ccxiaoji/app/data/excel/fastexcel/FastExcelManager.kt:68:34 Unresolved reference: ensureMemoryAvailable
e: file:///D:/kotlin/Cc_xiaoji/app/src/main/kotlin/com/ccxiaoji/app/data/excel/fastexcel/FastExcelManager.kt:92:26 Unresolved reference: Success
e: file:///D:/kotlin/Cc_xiaoji/app/src/main/kotlin/com/ccxiaoji/app/data/excel/fastexcel/FastExcelManager.kt:99:26 Unresolved reference: Error
e: file:///D:/kotlin/Cc_xiaoji/app/src/main/kotlin/com/ccxiaoji/app/data/excel/fastexcel/FastExcelManager.kt:168:17 Overload resolution ambiguity: 
public final fun writeCell(worksheet: Worksheet, row: Int, col: Int, value: Any?, styleConfig: ExcelStyleConfig? = ...): Unit defined in com.ccxiaoji.app.data.excel.fastexcel.FastExcelAdapter
public final fun writeCell(worksheet: Worksheet, row: Int, col: Int, value: Any?, style: Style? = ...): Unit defined in com.ccxiaoji.app.data.excel.fastexcel.FastExcelAdapter
e: file:///D:/kotlin/Cc_xiaoji/app/src/main/kotlin/com/ccxiaoji/app/data/excel/fastexcel/FastExcelManager.kt:172:17 Overload resolution ambiguity: 
public final fun writeCell(worksheet: Worksheet, row: Int, col: Int, value: Any?, styleConfig: ExcelStyleConfig? = ...): Unit defined in com.ccxiaoji.app.data.excel.fastexcel.FastExcelAdapter
public final fun writeCell(worksheet: Worksheet, row: Int, col: Int, value: Any?, style: Style? = ...): Unit defined in com.ccxiaoji.app.data.excel.fastexcel.FastExcelAdapter
e: file:///D:/kotlin/Cc_xiaoji/app/src/main/kotlin/com/ccxiaoji/app/data/excel/fastexcel/FastExcelManager.kt:178:21 Overload resolution ambiguity: 
public final fun writeCell(worksheet: Worksheet, row: Int, col: Int, value: Any?, styleConfig: ExcelStyleConfig? = ...): Unit defined in com.ccxiaoji.app.data.excel.fastexcel.FastExcelAdapter
public final fun writeCell(worksheet: Worksheet, row: Int, col: Int, value: Any?, style: Style? = ...): Unit defined in com.ccxiaoji.app.data.excel.fastexcel.FastExcelAdapter
e: file:///D:/kotlin/Cc_xiaoji/app/src/main/kotlin/com/ccxiaoji/app/data/excel/fastexcel/FastExcelManager.kt:248:36 Unresolved reference: tags
e: file:///D:/kotlin/Cc_xiaoji/app/src/main/kotlin/com/ccxiaoji/app/data/excel/fastexcel/FastExcelManager.kt:350:47 Unresolved reference: startDate
e: file:///D:/kotlin/Cc_xiaoji/app/src/main/kotlin/com/ccxiaoji/app/data/excel/fastexcel/FastExcelManager.kt:356:47 Unresolved reference: endDate
e: file:///D:/kotlin/Cc_xiaoji/app/src/main/kotlin/com/ccxiaoji/app/data/excel/fastexcel/FastExcelManager.kt:594:13 Unresolved reference: AccountData
e: file:///D:/kotlin/Cc_xiaoji/app/src/main/kotlin/com/ccxiaoji/app/data/excel/fastexcel/FastExcelManager.kt:611:13 Unresolved reference: ExcelTransaction
e: file:///D:/kotlin/Cc_xiaoji/app/src/main/kotlin/com/ccxiaoji/app/data/excel/fastexcel/FastExcelManager.kt:637:63 Unresolved reference: name
e: file:///D:/kotlin/Cc_xiaoji/app/src/main/kotlin/com/ccxiaoji/app/data/excel/fastexcel/FastExcelManager.kt:638:63 Unresolved reference: initialBalance
e: file:///D:/kotlin/Cc_xiaoji/app/src/main/kotlin/com/ccxiaoji/app/data/excel/fastexcel/FastExcelManager.kt:639:71 None of the following functions can be called with the arguments supplied: 
public inline fun <T> Iterable<TypeVariable(T)>.sumOf(selector: (TypeVariable(T)) -> BigDecimal): BigDecimal defined in kotlin.collections
public inline fun <T> Iterable<TypeVariable(T)>.sumOf(selector: (TypeVariable(T)) -> BigInteger): BigInteger defined in kotlin.collections
public inline fun <T> Iterable<TypeVariable(T)>.sumOf(selector: (TypeVariable(T)) -> Double): Double defined in kotlin.collections
public inline fun <T> Iterable<TypeVariable(T)>.sumOf(selector: (TypeVariable(T)) -> Int): Int defined in kotlin.collections
public inline fun <T> Iterable<TypeVariable(T)>.sumOf(selector: (TypeVariable(T)) -> Long): Long defined in kotlin.collections
public inline fun <T> Iterable<TypeVariable(T)>.sumOf(selector: (TypeVariable(T)) -> UInt): UInt defined in kotlin.collections
public inline fun <T> Iterable<TypeVariable(T)>.sumOf(selector: (TypeVariable(T)) -> ULong): ULong defined in kotlin.collections
e: file:///D:/kotlin/Cc_xiaoji/app/src/main/kotlin/com/ccxiaoji/app/data/excel/fastexcel/FastExcelManager.kt:639:82 Unresolved reference: initialBalance
e: file:///D:/kotlin/Cc_xiaoji/app/src/main/kotlin/com/ccxiaoji/app/data/excel/fastexcel/FastExcelManager.kt:647:33 Unresolved reference: BalanceCalculator
e: file:///D:/kotlin/Cc_xiaoji/app/src/main/kotlin/com/ccxiaoji/app/data/excel/fastexcel/FastExcelManager.kt:654:33 Overload resolution ambiguity: 
public inline fun <T> Iterable<TypeVariable(T)>.forEach(action: (TypeVariable(T)) -> Unit): Unit defined in kotlin.collections
public inline fun <K, V> Map<out TypeVariable(K), TypeVariable(V)>.forEach(action: (Map.Entry<TypeVariable(K), TypeVariable(V)>) -> Unit): Unit defined in kotlin.collections
e: file:///D:/kotlin/Cc_xiaoji/app/src/main/kotlin/com/ccxiaoji/app/data/excel/fastexcel/FastExcelManager.kt:654:43 Cannot infer a type for this parameter. Please specify it explicitly.
e: file:///D:/kotlin/Cc_xiaoji/app/src/main/kotlin/com/ccxiaoji/app/data/excel/fastexcel/FastExcelManager.kt:664:51 'when' expression must be exhaustive, add necessary 'else' branch
e: file:///D:/kotlin/Cc_xiaoji/app/src/main/kotlin/com/ccxiaoji/app/data/excel/fastexcel/FastExcelManager.kt:665:17 Comparison of incompatible enums '[Error type: Error property type]' and 'ExcelTransactionType' is always unsuccessful
e: file:///D:/kotlin/Cc_xiaoji/app/src/main/kotlin/com/ccxiaoji/app/data/excel/fastexcel/FastExcelManager.kt:666:17 Comparison of incompatible enums '[Error type: Error property type]' and 'ExcelTransactionType' is always unsuccessful
e: file:///D:/kotlin/Cc_xiaoji/app/src/main/kotlin/com/ccxiaoji/app/data/excel/fastexcel/FastExcelManager.kt:667:17 Comparison of incompatible enums '[Error type: Error property type]' and 'ExcelTransactionType' is always unsuccessful
e: file:///D:/kotlin/Cc_xiaoji/app/src/main/kotlin/com/ccxiaoji/app/data/excel/fastexcel/FastExcelManager.kt:675:17 Comparison of incompatible enums '[Error type: Error property type]' and 'ExcelTransactionType' is always unsuccessful
e: file:///D:/kotlin/Cc_xiaoji/app/src/main/kotlin/com/ccxiaoji/app/data/excel/fastexcel/FastExcelManager.kt:679:17 Comparison of incompatible enums '[Error type: Error property type]' and 'ExcelTransactionType' is always unsuccessful
e: file:///D:/kotlin/Cc_xiaoji/app/src/main/kotlin/com/ccxiaoji/app/data/excel/fastexcel/FastExcelManager.kt:683:17 Comparison of incompatible enums '[Error type: Error property type]' and 'ExcelTransactionType' is always unsuccessful
e: file:///D:/kotlin/Cc_xiaoji/app/src/main/kotlin/com/ccxiaoji/app/data/excel/fastexcel/FastExcelPerformanceOptimizer.kt:143:30 Unresolved reference: management
e: file:///D:/kotlin/Cc_xiaoji/app/src/main/kotlin/com/ccxiaoji/app/data/excel/fastexcel/FastExcelPerformanceOptimizer.kt:144:26 Unresolved reference: it
e: file:///D:/kotlin/Cc_xiaoji/app/src/main/kotlin/com/ccxiaoji/app/data/excel/fastexcel/FastExcelReader.kt:41:24 Unresolved reference. None of the following candidates is applicable because of receiver type mismatch: 
public inline fun <T> Array<out TypeVariable(T)>.forEachIndexed(action: (index: Int, TypeVariable(T)) -> Unit): Unit defined in kotlin.collections
public inline fun BooleanArray.forEachIndexed(action: (index: Int, Boolean) -> Unit): Unit defined in kotlin.collections
public inline fun ByteArray.forEachIndexed(action: (index: Int, Byte) -> Unit): Unit defined in kotlin.collections
public inline fun CharArray.forEachIndexed(action: (index: Int, Char) -> Unit): Unit defined in kotlin.collections
public inline fun CharSequence.forEachIndexed(action: (index: Int, Char) -> Unit): Unit defined in kotlin.text
public inline fun DoubleArray.forEachIndexed(action: (index: Int, Double) -> Unit): Unit defined in kotlin.collections
public inline fun FloatArray.forEachIndexed(action: (index: Int, Float) -> Unit): Unit defined in kotlin.collections
public inline fun IntArray.forEachIndexed(action: (index: Int, Int) -> Unit): Unit defined in kotlin.collections
public inline fun LongArray.forEachIndexed(action: (index: Int, Long) -> Unit): Unit defined in kotlin.collections
public inline fun ShortArray.forEachIndexed(action: (index: Int, Short) -> Unit): Unit defined in kotlin.collections
public inline fun UByteArray.forEachIndexed(action: (index: Int, UByte) -> Unit): Unit defined in kotlin.collections
public inline fun UIntArray.forEachIndexed(action: (index: Int, UInt) -> Unit): Unit defined in kotlin.collections
public inline fun ULongArray.forEachIndexed(action: (index: Int, ULong) -> Unit): Unit defined in kotlin.collections
public inline fun UShortArray.forEachIndexed(action: (index: Int, UShort) -> Unit): Unit defined in kotlin.collections
public inline fun <T> Iterable<TypeVariable(T)>.forEachIndexed(action: (index: Int, TypeVariable(T)) -> Unit): Unit defined in kotlin.collections
public inline fun <T> Sequence<TypeVariable(T)>.forEachIndexed(action: (index: Int, TypeVariable(T)) -> Unit): Unit defined in kotlin.sequences
e: file:///D:/kotlin/Cc_xiaoji/app/src/main/kotlin/com/ccxiaoji/app/data/excel/fastexcel/FastExcelReader.kt:41:41 Cannot infer a type for this parameter. Please specify it explicitly.
e: file:///D:/kotlin/Cc_xiaoji/app/src/main/kotlin/com/ccxiaoji/app/data/excel/fastexcel/FastExcelReader.kt:41:53 Cannot infer a type for this parameter. Please specify it explicitly.
e: file:///D:/kotlin/Cc_xiaoji/app/src/main/kotlin/com/ccxiaoji/app/data/excel/fastexcel/FastExcelReader.kt:44:78 Unresolved reference: size
e: file:///D:/kotlin/Cc_xiaoji/app/src/main/kotlin/com/ccxiaoji/app/data/excel/fastexcel/FastExcelReader.kt:88:25 Type mismatch: inferred type is Long but Int was expected
e: file:///D:/kotlin/Cc_xiaoji/app/src/main/kotlin/com/ccxiaoji/app/data/excel/fastexcel/FastExcelReader.kt:155:33 Type mismatch: inferred type is BigDecimal! but Double was expected
e: file:///D:/kotlin/Cc_xiaoji/app/src/main/kotlin/com/ccxiaoji/app/data/excel/fastexcel/FastExcelReader.kt:156:38 Type mismatch: inferred type is BigDecimal! but Double was expected
e: file:///D:/kotlin/Cc_xiaoji/app/src/main/kotlin/com/ccxiaoji/app/data/excel/fastexcel/FastExcelReader.kt:157:28 Operator '==' cannot be applied to 'BigDecimal!' and 'Double'
e: file:///D:/kotlin/Cc_xiaoji/app/src/main/kotlin/com/ccxiaoji/app/data/excel/fastexcel/FastExcelStyleHelper.kt:5:29 Unresolved reference: HorizontalAlignment
e: file:///D:/kotlin/Cc_xiaoji/app/src/main/kotlin/com/ccxiaoji/app/data/excel/fastexcel/FastExcelStyleHelper.kt:7:29 Unresolved reference: VerticalAlignment
e: file:///D:/kotlin/Cc_xiaoji/app/src/main/kotlin/com/ccxiaoji/app/data/excel/fastexcel/FastExcelStyleHelper.kt:8:29 Cannot access 'Style': it is package-private in 'org.dhatim.fastexcel'
e: file:///D:/kotlin/Cc_xiaoji/app/src/main/kotlin/com/ccxiaoji/app/data/excel/fastexcel/FastExcelStyleHelper.kt:19:9 'public' function exposes its 'public/*package*/' return type Style
e: file:///D:/kotlin/Cc_xiaoji/app/src/main/kotlin/com/ccxiaoji/app/data/excel/fastexcel/FastExcelStyleHelper.kt:19:30 Cannot access 'Style': it is package-private in 'org.dhatim.fastexcel'
e: file:///D:/kotlin/Cc_xiaoji/app/src/main/kotlin/com/ccxiaoji/app/data/excel/fastexcel/FastExcelStyleHelper.kt:20:16 Cannot access '<init>': it is package-private in 'StyleSetter'
e: file:///D:/kotlin/Cc_xiaoji/app/src/main/kotlin/com/ccxiaoji/app/data/excel/fastexcel/FastExcelStyleHelper.kt:20:27 No value passed for parameter 'p0'
e: file:///D:/kotlin/Cc_xiaoji/app/src/main/kotlin/com/ccxiaoji/app/data/excel/fastexcel/FastExcelStyleHelper.kt:29:14 Unresolved reference: build
e: file:///D:/kotlin/Cc_xiaoji/app/src/main/kotlin/com/ccxiaoji/app/data/excel/fastexcel/FastExcelStyleHelper.kt:35:9 'public' function exposes its 'public/*package*/' return type Style
e: file:///D:/kotlin/Cc_xiaoji/app/src/main/kotlin/com/ccxiaoji/app/data/excel/fastexcel/FastExcelStyleHelper.kt:35:33 Cannot access 'Style': it is package-private in 'org.dhatim.fastexcel'
e: file:///D:/kotlin/Cc_xiaoji/app/src/main/kotlin/com/ccxiaoji/app/data/excel/fastexcel/FastExcelStyleHelper.kt:36:16 Cannot access '<init>': it is package-private in 'StyleSetter'
e: file:///D:/kotlin/Cc_xiaoji/app/src/main/kotlin/com/ccxiaoji/app/data/excel/fastexcel/FastExcelStyleHelper.kt:36:27 No value passed for parameter 'p0'
e: file:///D:/kotlin/Cc_xiaoji/app/src/main/kotlin/com/ccxiaoji/app/data/excel/fastexcel/FastExcelStyleHelper.kt:43:14 Unresolved reference: build
e: file:///D:/kotlin/Cc_xiaoji/app/src/main/kotlin/com/ccxiaoji/app/data/excel/fastexcel/FastExcelStyleHelper.kt:49:9 'public' function exposes its 'public/*package*/' return type Style
e: file:///D:/kotlin/Cc_xiaoji/app/src/main/kotlin/com/ccxiaoji/app/data/excel/fastexcel/FastExcelStyleHelper.kt:49:28 Cannot access 'Style': it is package-private in 'org.dhatim.fastexcel'
e: file:///D:/kotlin/Cc_xiaoji/app/src/main/kotlin/com/ccxiaoji/app/data/excel/fastexcel/FastExcelStyleHelper.kt:50:16 Cannot access '<init>': it is package-private in 'StyleSetter'
e: file:///D:/kotlin/Cc_xiaoji/app/src/main/kotlin/com/ccxiaoji/app/data/excel/fastexcel/FastExcelStyleHelper.kt:50:27 No value passed for parameter 'p0'
e: file:///D:/kotlin/Cc_xiaoji/app/src/main/kotlin/com/ccxiaoji/app/data/excel/fastexcel/FastExcelStyleHelper.kt:54:14 Unresolved reference: build
e: file:///D:/kotlin/Cc_xiaoji/app/src/main/kotlin/com/ccxiaoji/app/data/excel/fastexcel/FastExcelStyleHelper.kt:60:9 'public' function exposes its 'public/*package*/' return type Style
e: file:///D:/kotlin/Cc_xiaoji/app/src/main/kotlin/com/ccxiaoji/app/data/excel/fastexcel/FastExcelStyleHelper.kt:60:29 Cannot access 'Style': it is package-private in 'org.dhatim.fastexcel'
e: file:///D:/kotlin/Cc_xiaoji/app/src/main/kotlin/com/ccxiaoji/app/data/excel/fastexcel/FastExcelStyleHelper.kt:61:16 Cannot access '<init>': it is package-private in 'StyleSetter'
e: file:///D:/kotlin/Cc_xiaoji/app/src/main/kotlin/com/ccxiaoji/app/data/excel/fastexcel/FastExcelStyleHelper.kt:61:27 No value passed for parameter 'p0'
e: file:///D:/kotlin/Cc_xiaoji/app/src/main/kotlin/com/ccxiaoji/app/data/excel/fastexcel/FastExcelStyleHelper.kt:65:14 Unresolved reference: build
e: file:///D:/kotlin/Cc_xiaoji/app/src/main/kotlin/com/ccxiaoji/app/data/excel/fastexcel/FastExcelStyleHelper.kt:71:9 'public' function exposes its 'public/*package*/' return type Style
e: file:///D:/kotlin/Cc_xiaoji/app/src/main/kotlin/com/ccxiaoji/app/data/excel/fastexcel/FastExcelStyleHelper.kt:71:28 Cannot access 'Style': it is package-private in 'org.dhatim.fastexcel'
e: file:///D:/kotlin/Cc_xiaoji/app/src/main/kotlin/com/ccxiaoji/app/data/excel/fastexcel/FastExcelStyleHelper.kt:72:16 Cannot access '<init>': it is package-private in 'StyleSetter'
e: file:///D:/kotlin/Cc_xiaoji/app/src/main/kotlin/com/ccxiaoji/app/data/excel/fastexcel/FastExcelStyleHelper.kt:72:27 No value passed for parameter 'p0'
e: file:///D:/kotlin/Cc_xiaoji/app/src/main/kotlin/com/ccxiaoji/app/data/excel/fastexcel/FastExcelStyleHelper.kt:76:14 Unresolved reference: build
e: file:///D:/kotlin/Cc_xiaoji/app/src/main/kotlin/com/ccxiaoji/app/data/excel/fastexcel/FastExcelStyleHelper.kt:82:9 'public' function exposes its 'public/*package*/' return type Style
e: file:///D:/kotlin/Cc_xiaoji/app/src/main/kotlin/com/ccxiaoji/app/data/excel/fastexcel/FastExcelStyleHelper.kt:82:28 Cannot access 'Style': it is package-private in 'org.dhatim.fastexcel'
e: file:///D:/kotlin/Cc_xiaoji/app/src/main/kotlin/com/ccxiaoji/app/data/excel/fastexcel/FastExcelStyleHelper.kt:83:16 Cannot access '<init>': it is package-private in 'StyleSetter'
e: file:///D:/kotlin/Cc_xiaoji/app/src/main/kotlin/com/ccxiaoji/app/data/excel/fastexcel/FastExcelStyleHelper.kt:83:27 No value passed for parameter 'p0'
e: file:///D:/kotlin/Cc_xiaoji/app/src/main/kotlin/com/ccxiaoji/app/data/excel/fastexcel/FastExcelStyleHelper.kt:87:14 Unresolved reference: build
e: file:///D:/kotlin/Cc_xiaoji/app/src/main/kotlin/com/ccxiaoji/app/data/excel/fastexcel/FastExcelStyleHelper.kt:93:9 'public' function exposes its 'public/*package*/' return type Style
e: file:///D:/kotlin/Cc_xiaoji/app/src/main/kotlin/com/ccxiaoji/app/data/excel/fastexcel/FastExcelStyleHelper.kt:93:32 Cannot access 'Style': it is package-private in 'org.dhatim.fastexcel'
e: file:///D:/kotlin/Cc_xiaoji/app/src/main/kotlin/com/ccxiaoji/app/data/excel/fastexcel/FastExcelStyleHelper.kt:94:16 Cannot access '<init>': it is package-private in 'StyleSetter'
e: file:///D:/kotlin/Cc_xiaoji/app/src/main/kotlin/com/ccxiaoji/app/data/excel/fastexcel/FastExcelStyleHelper.kt:94:27 No value passed for parameter 'p0'
e: file:///D:/kotlin/Cc_xiaoji/app/src/main/kotlin/com/ccxiaoji/app/data/excel/fastexcel/FastExcelStyleHelper.kt:98:14 Unresolved reference: build
e: file:///D:/kotlin/Cc_xiaoji/app/src/main/kotlin/com/ccxiaoji/app/data/excel/fastexcel/FastExcelStyleHelper.kt:104:9 'public' function exposes its 'public/*package*/' return type Style
e: file:///D:/kotlin/Cc_xiaoji/app/src/main/kotlin/com/ccxiaoji/app/data/excel/fastexcel/FastExcelStyleHelper.kt:104:30 Cannot access 'Style': it is package-private in 'org.dhatim.fastexcel'
e: file:///D:/kotlin/Cc_xiaoji/app/src/main/kotlin/com/ccxiaoji/app/data/excel/fastexcel/FastExcelStyleHelper.kt:105:16 Cannot access '<init>': it is package-private in 'StyleSetter'
e: file:///D:/kotlin/Cc_xiaoji/app/src/main/kotlin/com/ccxiaoji/app/data/excel/fastexcel/FastExcelStyleHelper.kt:105:27 No value passed for parameter 'p0'
e: file:///D:/kotlin/Cc_xiaoji/app/src/main/kotlin/com/ccxiaoji/app/data/excel/fastexcel/FastExcelStyleHelper.kt:110:14 Unresolved reference: build
e: file:///D:/kotlin/Cc_xiaoji/app/src/main/kotlin/com/ccxiaoji/app/data/excel/fastexcel/FastExcelStyleHelper.kt:116:9 'public' function exposes its 'public/*package*/' return type Style
e: file:///D:/kotlin/Cc_xiaoji/app/src/main/kotlin/com/ccxiaoji/app/data/excel/fastexcel/FastExcelStyleHelper.kt:116:31 Cannot access 'Style': it is package-private in 'org.dhatim.fastexcel'
e: file:///D:/kotlin/Cc_xiaoji/app/src/main/kotlin/com/ccxiaoji/app/data/excel/fastexcel/FastExcelStyleHelper.kt:117:16 Cannot access '<init>': it is package-private in 'StyleSetter'
e: file:///D:/kotlin/Cc_xiaoji/app/src/main/kotlin/com/ccxiaoji/app/data/excel/fastexcel/FastExcelStyleHelper.kt:117:27 No value passed for parameter 'p0'
e: file:///D:/kotlin/Cc_xiaoji/app/src/main/kotlin/com/ccxiaoji/app/data/excel/fastexcel/FastExcelStyleHelper.kt:122:14 Unresolved reference: build
e: file:///D:/kotlin/Cc_xiaoji/app/src/main/kotlin/com/ccxiaoji/app/data/excel/fastexcel/FastExcelStyleHelper.kt:128:9 'public' function exposes its 'public/*package*/' return type Style
e: file:///D:/kotlin/Cc_xiaoji/app/src/main/kotlin/com/ccxiaoji/app/data/excel/fastexcel/FastExcelStyleHelper.kt:128:34 Cannot access 'Style': it is package-private in 'org.dhatim.fastexcel'
e: file:///D:/kotlin/Cc_xiaoji/app/src/main/kotlin/com/ccxiaoji/app/data/excel/fastexcel/FastExcelStyleHelper.kt:129:16 Cannot access '<init>': it is package-private in 'StyleSetter'
e: file:///D:/kotlin/Cc_xiaoji/app/src/main/kotlin/com/ccxiaoji/app/data/excel/fastexcel/FastExcelStyleHelper.kt:129:27 No value passed for parameter 'p0'
e: file:///D:/kotlin/Cc_xiaoji/app/src/main/kotlin/com/ccxiaoji/app/data/excel/fastexcel/FastExcelStyleHelper.kt:133:14 Unresolved reference: build
e: file:///D:/kotlin/Cc_xiaoji/app/src/main/kotlin/com/ccxiaoji/app/data/excel/fastexcel/FastExcelStyleHelper.kt:139:9 'public' function exposes its 'public/*package*/' return type Style
e: file:///D:/kotlin/Cc_xiaoji/app/src/main/kotlin/com/ccxiaoji/app/data/excel/fastexcel/FastExcelStyleHelper.kt:139:31 Cannot access 'Style': it is package-private in 'org.dhatim.fastexcel'
e: file:///D:/kotlin/Cc_xiaoji/app/src/main/kotlin/com/ccxiaoji/app/data/excel/fastexcel/FastExcelStyleHelper.kt:140:16 Cannot access '<init>': it is package-private in 'StyleSetter'
e: file:///D:/kotlin/Cc_xiaoji/app/src/main/kotlin/com/ccxiaoji/app/data/excel/fastexcel/FastExcelStyleHelper.kt:140:27 No value passed for parameter 'p0'
e: file:///D:/kotlin/Cc_xiaoji/app/src/main/kotlin/com/ccxiaoji/app/data/excel/fastexcel/FastExcelStyleHelper.kt:145:14 Unresolved reference: build
e: file:///D:/kotlin/Cc_xiaoji/app/src/main/kotlin/com/ccxiaoji/app/data/excel/fastexcel/FastExcelStyleHelper.kt:151:9 'public' function exposes its 'public/*package*/' return type Style
e: file:///D:/kotlin/Cc_xiaoji/app/src/main/kotlin/com/ccxiaoji/app/data/excel/fastexcel/FastExcelStyleHelper.kt:151:29 Cannot access 'Style': it is package-private in 'org.dhatim.fastexcel'
e: file:///D:/kotlin/Cc_xiaoji/app/src/main/kotlin/com/ccxiaoji/app/data/excel/fastexcel/FastExcelStyleHelper.kt:152:16 Cannot access '<init>': it is package-private in 'StyleSetter'
e: file:///D:/kotlin/Cc_xiaoji/app/src/main/kotlin/com/ccxiaoji/app/data/excel/fastexcel/FastExcelStyleHelper.kt:152:27 No value passed for parameter 'p0'
e: file:///D:/kotlin/Cc_xiaoji/app/src/main/kotlin/com/ccxiaoji/app/data/excel/fastexcel/FastExcelStyleHelper.kt:157:14 Unresolved reference: build
e: file:///D:/kotlin/Cc_xiaoji/app/src/main/kotlin/com/ccxiaoji/app/data/excel/fastexcel/FastExcelStyleHelper.kt:163:9 'public' function exposes its 'public/*package*/' return type Style
e: file:///D:/kotlin/Cc_xiaoji/app/src/main/kotlin/com/ccxiaoji/app/data/excel/fastexcel/FastExcelStyleHelper.kt:163:31 Cannot access 'Style': it is package-private in 'org.dhatim.fastexcel'
e: file:///D:/kotlin/Cc_xiaoji/app/src/main/kotlin/com/ccxiaoji/app/data/excel/fastexcel/FastExcelStyleHelper.kt:164:16 Cannot access '<init>': it is package-private in 'StyleSetter'
e: file:///D:/kotlin/Cc_xiaoji/app/src/main/kotlin/com/ccxiaoji/app/data/excel/fastexcel/FastExcelStyleHelper.kt:164:27 No value passed for parameter 'p0'
e: file:///D:/kotlin/Cc_xiaoji/app/src/main/kotlin/com/ccxiaoji/app/data/excel/fastexcel/FastExcelStyleHelper.kt:169:14 Unresolved reference: build
e: file:///D:/kotlin/Cc_xiaoji/app/src/main/kotlin/com/ccxiaoji/app/data/excel/fastexcel/FastExcelStyleHelper.kt:175:9 'public' function exposes its 'public/*package*/' return type Style
e: file:///D:/kotlin/Cc_xiaoji/app/src/main/kotlin/com/ccxiaoji/app/data/excel/fastexcel/FastExcelStyleHelper.kt:175:34 Cannot access 'Style': it is package-private in 'org.dhatim.fastexcel'
e: file:///D:/kotlin/Cc_xiaoji/app/src/main/kotlin/com/ccxiaoji/app/data/excel/fastexcel/FastExcelStyleHelper.kt:176:16 Cannot access '<init>': it is package-private in 'StyleSetter'
e: file:///D:/kotlin/Cc_xiaoji/app/src/main/kotlin/com/ccxiaoji/app/data/excel/fastexcel/FastExcelStyleHelper.kt:176:27 No value passed for parameter 'p0'
e: file:///D:/kotlin/Cc_xiaoji/app/src/main/kotlin/com/ccxiaoji/app/data/excel/fastexcel/FastExcelStyleHelper.kt:180:14 Unresolved reference: build
e: file:///D:/kotlin/Cc_xiaoji/app/src/main/kotlin/com/ccxiaoji/app/data/excel/fastexcel/FastExcelStyleHelper.kt:186:9 'public' function exposes its 'public/*package*/' return type Style
e: file:///D:/kotlin/Cc_xiaoji/app/src/main/kotlin/com/ccxiaoji/app/data/excel/fastexcel/FastExcelStyleHelper.kt:186:32 Cannot access 'Style': it is package-private in 'org.dhatim.fastexcel'
e: file:///D:/kotlin/Cc_xiaoji/app/src/main/kotlin/com/ccxiaoji/app/data/excel/fastexcel/FastExcelStyleHelper.kt:187:16 Cannot access '<init>': it is package-private in 'StyleSetter'
e: file:///D:/kotlin/Cc_xiaoji/app/src/main/kotlin/com/ccxiaoji/app/data/excel/fastexcel/FastExcelStyleHelper.kt:187:27 No value passed for parameter 'p0'
e: file:///D:/kotlin/Cc_xiaoji/app/src/main/kotlin/com/ccxiaoji/app/data/excel/fastexcel/FastExcelStyleHelper.kt:190:14 Unresolved reference: build
e: file:///D:/kotlin/Cc_xiaoji/app/src/main/kotlin/com/ccxiaoji/app/data/excel/fastexcel/FastExcelStyleHelper.kt:196:9 'public' function exposes its 'public/*package*/' return type Style
e: file:///D:/kotlin/Cc_xiaoji/app/src/main/kotlin/com/ccxiaoji/app/data/excel/fastexcel/FastExcelStyleHelper.kt:196:33 Cannot access 'Style': it is package-private in 'org.dhatim.fastexcel'
e: file:///D:/kotlin/Cc_xiaoji/app/src/main/kotlin/com/ccxiaoji/app/data/excel/fastexcel/FastExcelStyleHelper.kt:197:16 Cannot access '<init>': it is package-private in 'StyleSetter'
e: file:///D:/kotlin/Cc_xiaoji/app/src/main/kotlin/com/ccxiaoji/app/data/excel/fastexcel/FastExcelStyleHelper.kt:197:27 No value passed for parameter 'p0'
e: file:///D:/kotlin/Cc_xiaoji/app/src/main/kotlin/com/ccxiaoji/app/data/excel/fastexcel/FastExcelStyleHelper.kt:200:14 Unresolved reference: build
e: file:///D:/kotlin/Cc_xiaoji/app/src/main/kotlin/com/ccxiaoji/app/data/excel/fastexcel/FastExcelStyleHelper.kt:206:9 'public' function exposes its 'public/*package*/' return type Style
e: file:///D:/kotlin/Cc_xiaoji/app/src/main/kotlin/com/ccxiaoji/app/data/excel/fastexcel/FastExcelStyleHelper.kt:206:29 Cannot access 'Style': it is package-private in 'org.dhatim.fastexcel'
e: file:///D:/kotlin/Cc_xiaoji/app/src/main/kotlin/com/ccxiaoji/app/data/excel/fastexcel/FastExcelStyleHelper.kt:207:16 Cannot access '<init>': it is package-private in 'StyleSetter'
e: file:///D:/kotlin/Cc_xiaoji/app/src/main/kotlin/com/ccxiaoji/app/data/excel/fastexcel/FastExcelStyleHelper.kt:207:27 No value passed for parameter 'p0'
e: file:///D:/kotlin/Cc_xiaoji/app/src/main/kotlin/com/ccxiaoji/app/data/excel/fastexcel/FastExcelStyleHelper.kt:214:14 Unresolved reference: build
e: file:///D:/kotlin/Cc_xiaoji/app/src/main/kotlin/com/ccxiaoji/app/data/excel/fastexcel/FastExcelStyleHelper.kt:220:9 'public' function exposes its 'public/*package*/' return type Style
e: file:///D:/kotlin/Cc_xiaoji/app/src/main/kotlin/com/ccxiaoji/app/data/excel/fastexcel/FastExcelStyleHelper.kt:220:35 Cannot access 'Style': it is package-private in 'org.dhatim.fastexcel'
e: file:///D:/kotlin/Cc_xiaoji/app/src/main/kotlin/com/ccxiaoji/app/data/excel/fastexcel/FastExcelStyleHelper.kt:221:16 Cannot access '<init>': it is package-private in 'StyleSetter'
e: file:///D:/kotlin/Cc_xiaoji/app/src/main/kotlin/com/ccxiaoji/app/data/excel/fastexcel/FastExcelStyleHelper.kt:221:27 No value passed for parameter 'p0'
e: file:///D:/kotlin/Cc_xiaoji/app/src/main/kotlin/com/ccxiaoji/app/data/excel/fastexcel/FastExcelStyleHelper.kt:228:14 Unresolved reference: build
e: file:///D:/kotlin/Cc_xiaoji/app/src/main/kotlin/com/ccxiaoji/app/data/excel/fastexcel/FastExcelStyleHelper.kt:234:9 'public' function exposes its 'public/*package*/' return type Style
e: file:///D:/kotlin/Cc_xiaoji/app/src/main/kotlin/com/ccxiaoji/app/data/excel/fastexcel/FastExcelStyleHelper.kt:234:32 Cannot access 'Style': it is package-private in 'org.dhatim.fastexcel'
e: file:///D:/kotlin/Cc_xiaoji/app/src/main/kotlin/com/ccxiaoji/app/data/excel/fastexcel/FastExcelStyleHelper.kt:235:16 Cannot access '<init>': it is package-private in 'StyleSetter'
e: file:///D:/kotlin/Cc_xiaoji/app/src/main/kotlin/com/ccxiaoji/app/data/excel/fastexcel/FastExcelStyleHelper.kt:235:27 No value passed for parameter 'p0'
e: file:///D:/kotlin/Cc_xiaoji/app/src/main/kotlin/com/ccxiaoji/app/data/excel/fastexcel/FastExcelStyleHelper.kt:239:14 Unresolved reference: locked
e: file:///D:/kotlin/Cc_xiaoji/app/src/main/kotlin/com/ccxiaoji/app/data/excel/fastexcel/FastExcelStyleHelper.kt:246:9 'public' function exposes its 'public/*package*/' return type Style
e: file:///D:/kotlin/Cc_xiaoji/app/src/main/kotlin/com/ccxiaoji/app/data/excel/fastexcel/FastExcelStyleHelper.kt:251:8 Cannot access 'Style': it is package-private in 'org.dhatim.fastexcel'
e: file:///D:/kotlin/Cc_xiaoji/app/src/main/kotlin/com/ccxiaoji/app/data/excel/fastexcel/FastExcelStyleHelper.kt:258:16 Cannot access '<init>': it is package-private in 'StyleSetter'
e: file:///D:/kotlin/Cc_xiaoji/app/src/main/kotlin/com/ccxiaoji/app/data/excel/fastexcel/FastExcelStyleHelper.kt:258:27 No value passed for parameter 'p0'
e: file:///D:/kotlin/Cc_xiaoji/app/src/main/kotlin/com/ccxiaoji/app/data/excel/fastexcel/FastExcelStyleHelper.kt:263:14 Unresolved reference: build
e: file:///D:/kotlin/Cc_xiaoji/app/src/main/kotlin/com/ccxiaoji/app/data/excel/fastexcel/FastExcelStyleHelper.kt:269:9 'public' function exposes its 'public/*package*/' return type Style
e: file:///D:/kotlin/Cc_xiaoji/app/src/main/kotlin/com/ccxiaoji/app/data/excel/fastexcel/FastExcelStyleHelper.kt:269:30 Cannot access 'Style': it is package-private in 'org.dhatim.fastexcel'
e: file:///D:/kotlin/Cc_xiaoji/app/src/main/kotlin/com/ccxiaoji/app/data/excel/fastexcel/FastExcelStyleHelper.kt:270:16 Cannot access '<init>': it is package-private in 'StyleSetter'
e: file:///D:/kotlin/Cc_xiaoji/app/src/main/kotlin/com/ccxiaoji/app/data/excel/fastexcel/FastExcelStyleHelper.kt:270:27 No value passed for parameter 'p0'
e: file:///D:/kotlin/Cc_xiaoji/app/src/main/kotlin/com/ccxiaoji/app/data/excel/fastexcel/FastExcelStyleHelper.kt:274:14 Unresolved reference: build
e: file:///D:/kotlin/Cc_xiaoji/app/src/main/kotlin/com/ccxiaoji/app/data/excel/fastexcel/FastExcelStyleHelper.kt:280:9 'public' function exposes its 'public/*package*/' return type Style
e: file:///D:/kotlin/Cc_xiaoji/app/src/main/kotlin/com/ccxiaoji/app/data/excel/fastexcel/FastExcelStyleHelper.kt:280:31 Cannot access 'Style': it is package-private in 'org.dhatim.fastexcel'
e: file:///D:/kotlin/Cc_xiaoji/app/src/main/kotlin/com/ccxiaoji/app/data/excel/fastexcel/FastExcelStyleHelper.kt:287:9 'public' function exposes its 'public/*package*/' return type Style
e: file:///D:/kotlin/Cc_xiaoji/app/src/main/kotlin/com/ccxiaoji/app/data/excel/fastexcel/FastExcelStyleHelper.kt:287:29 Cannot access 'Style': it is package-private in 'org.dhatim.fastexcel'
e: file:///D:/kotlin/Cc_xiaoji/app/src/main/kotlin/com/ccxiaoji/app/data/excel/fastexcel/FastExcelStyleHelper.kt:288:16 Cannot access '<init>': it is package-private in 'StyleSetter'
e: file:///D:/kotlin/Cc_xiaoji/app/src/main/kotlin/com/ccxiaoji/app/data/excel/fastexcel/FastExcelStyleHelper.kt:288:27 No value passed for parameter 'p0'
e: file:///D:/kotlin/Cc_xiaoji/app/src/main/kotlin/com/ccxiaoji/app/data/excel/fastexcel/FastExcelStyleHelper.kt:292:14 Unresolved reference: build
e: file:///D:/kotlin/Cc_xiaoji/app/src/main/kotlin/com/ccxiaoji/app/data/excel/fastexcel/FastExcelStyleHelper.kt:298:9 'public' function exposes its 'public/*package*/' return type Style
e: file:///D:/kotlin/Cc_xiaoji/app/src/main/kotlin/com/ccxiaoji/app/data/excel/fastexcel/FastExcelStyleHelper.kt:298:28 Cannot access 'Style': it is package-private in 'org.dhatim.fastexcel'
e: file:///D:/kotlin/Cc_xiaoji/app/src/main/kotlin/com/ccxiaoji/app/data/excel/fastexcel/FastExcelStyleHelper.kt:299:16 Cannot access '<init>': it is package-private in 'StyleSetter'
e: file:///D:/kotlin/Cc_xiaoji/app/src/main/kotlin/com/ccxiaoji/app/data/excel/fastexcel/FastExcelStyleHelper.kt:299:27 No value passed for parameter 'p0'
e: file:///D:/kotlin/Cc_xiaoji/app/src/main/kotlin/com/ccxiaoji/app/data/excel/fastexcel/FastExcelStyleHelper.kt:302:14 Unresolved reference: build
e: file:///D:/kotlin/Cc_xiaoji/app/src/main/kotlin/com/ccxiaoji/app/data/excel/fastexcel/FastExcelStyleHelper.kt:308:9 'public' function exposes its 'public/*package*/' return type Style
e: file:///D:/kotlin/Cc_xiaoji/app/src/main/kotlin/com/ccxiaoji/app/data/excel/fastexcel/FastExcelStyleHelper.kt:308:38 Cannot access 'Style': it is package-private in 'org.dhatim.fastexcel'
e: file:///D:/kotlin/Cc_xiaoji/app/src/main/kotlin/com/ccxiaoji/app/data/excel/fastexcel/FastExcelStyleHelper.kt:309:16 Cannot access '<init>': it is package-private in 'StyleSetter'
e: file:///D:/kotlin/Cc_xiaoji/app/src/main/kotlin/com/ccxiaoji/app/data/excel/fastexcel/FastExcelStyleHelper.kt:309:27 No value passed for parameter 'p0'
e: file:///D:/kotlin/Cc_xiaoji/app/src/main/kotlin/com/ccxiaoji/app/data/excel/fastexcel/FastExcelStyleHelper.kt:315:14 Unresolved reference: build
e: file:///D:/kotlin/Cc_xiaoji/app/src/main/kotlin/com/ccxiaoji/app/data/excel/fastexcel/FastExcelWriter.kt:356:21 None of the following functions can be called with the arguments supplied: 
public final fun writeCell(worksheet: Worksheet, row: Int, col: Int, value: Any?, styleConfig: ExcelStyleConfig? = ...): Unit defined in com.ccxiaoji.app.data.excel.fastexcel.FastExcelAdapter
public final fun writeCell(worksheet: Worksheet, row: Int, col: Int, value: Any?, style: Style? = ...): Unit defined in com.ccxiaoji.app.data.excel.fastexcel.FastExcelAdapter
e: file:///D:/kotlin/Cc_xiaoji/app/src/main/kotlin/com/ccxiaoji/app/data/excel/fastexcel/FastExcelWriter.kt:498:28 Type mismatch: inferred type is Style but StyleSetter was expected
e: file:///D:/kotlin/Cc_xiaoji/app/src/main/kotlin/com/ccxiaoji/app/data/excel/fastexcel/FastExcelWriter.kt:499:28 Type mismatch: inferred type is Style but StyleSetter was expected
e: file:///D:/kotlin/Cc_xiaoji/app/src/main/kotlin/com/ccxiaoji/app/data/excel/fastexcel/FastExcelWriter.kt:500:26 Type mismatch: inferred type is Style but StyleSetter was expected
e: file:///D:/kotlin/Cc_xiaoji/app/src/main/kotlin/com/ccxiaoji/app/data/excel/fastexcel/FastExcelWriter.kt:501:30 Type mismatch: inferred type is Style but StyleSetter was expected
e: file:///D:/kotlin/Cc_xiaoji/app/src/main/kotlin/com/ccxiaoji/app/data/excel/fastexcel/FastExcelWriter.kt:502:21 Type mismatch: inferred type is Style but StyleSetter was expected

FAILURE: Build failed with an exception.

* What went wrong:
Execution failed for task ':app:compileDebugKotlin'.
> A failure occurred while executing org.jetbrains.kotlin.compilerRunner.GradleCompilerRunnerWithWorkers$GradleKotlinCompilerWorkAction
   > Compilation error. See log for more details

* Try:
> Run with --stacktrace option to get the stack trace.
> Run with --info or --debug option to get more log output.
> Run with --scan to get full insights.
> Get more help at https://help.gradle.org.

Deprecated Gradle features were used in this build, making it incompatible with Gradle 9.0.

You can use '--warning-mode all' to show the individual deprecation warnings and determine if they come from your own scripts or plugins.

For more on this, please refer to https://docs.gradle.org/8.9/userguide/command_line_interface.html#sec:command_line_warnings in the Gradle documentation.

BUILD FAILED in 10s
227 actionable tasks: 17 executed, 210 up-to-date
